******************************************************************************
                  TI ARM Linker PC v18.1.5                     
******************************************************************************
>> Linked Sat Apr 20 08:16:12 2019

OUTPUT FILE NAME:   <CAN_simple_RX.out>
ENTRY POINT SYMBOL: "_c_int00_noargs"  address: 00001229


MEMORY CONFIGURATION

         name            origin    length      used     unused   attr    fill
----------------------  --------  ---------  --------  --------  ----  --------
  FLASH                 00000000   00010000  000015d0  0000ea30  R  X
  SRAM                  20000000   00006000  0000020d  00005df3  RW X


SEGMENT ALLOCATION MAP

run origin  load origin   length   init length attrs members
----------  ----------- ---------- ----------- ----- -------
00000000    00000000    000015d0   000015d0    r-x
  00000000    00000000    0000026c   0000026c    r-- .intvecs
  0000026c    0000026c    00001190   00001190    r-x .text
  000013fc    000013fc    000001bc   000001bc    r-- .const
  000015b8    000015b8    00000018   00000018    r-- .cinit
20000000    20000000    0000020d   00000000    rw-
  20000000    20000000    00000200   00000000    rw- .stack
  20000200    20000200    0000000d   00000000    rw- .data


SECTION ALLOCATION MAP

 output                                  attributes/
section   page    origin      length       input sections
--------  ----  ----------  ----------   ----------------
.intvecs   0    00000000    0000026c     
                  00000000    0000026c     tm4c1237d5pz_startup_ccs.obj (.intvecs)

.text      0    0000026c    00001190     
                  0000026c    0000049c     uartstdio.obj (.text)
                  00000708    00000204     simple_rx.obj (.text)
                  0000090c    00000136     driverlib.lib : can.obj (.text:CANMessageSet)
                  00000a42    00000132                   : gpio.obj (.text:GPIOPadConfigSet)
                  00000b74    00000110                   : sysctl.obj (.text:SysCtlClockGet)
                  00000c84    0000010e                   : can.obj (.text:CANMessageGet)
                  00000d92    00000002     rtsv7M4_T_le_v4SPD16_eabi.lib : div0.asm.obj (.text)
                  00000d94    000000f4     driverlib.lib : sysctl.obj (.text:SysCtlClockSet)
                  00000e88    0000009c     rtsv7M4_T_le_v4SPD16_eabi.lib : memcpy_t2.asm.obj (.text)
                  00000f24    0000006c     driverlib.lib : can.obj (.text:CANBitRateSet)
                  00000f90    00000068                   : interrupt.obj (.text:IntEnable)
                  00000ff8    00000068     rtsv7M4_T_le_v4SPD16_eabi.lib : copy_decompress_lzss.c.obj (.text:decompress:lzss:__TI_decompress_lzss)
                  00001060    00000048     driverlib.lib : gpio.obj (.text:GPIOPinConfigure)
                  000010a8    00000046                   : uart.obj (.text:UARTConfigSetExpClk)
                  000010ee    00000002     --HOLE-- [fill = 0]
                  000010f0    00000044     rtsv7M4_T_le_v4SPD16_eabi.lib : autoinit.c.obj (.text:__TI_auto_init_nobinit_nopinit:__TI_auto_init_nobinit_nopinit)
                  00001134    00000040     driverlib.lib : can.obj (.text:CANStatusGet)
                  00001174    00000040     rtsv7M4_T_le_v4SPD16_eabi.lib : u_divt2.asm.obj (.text)
                  000011b4    0000003a     driverlib.lib : can.obj (.text:CANInit)
                  000011ee    00000002     --HOLE-- [fill = 0]
                  000011f0    00000038                   : sysctl.obj (.text:SysCtlPeripheralPresent)
                  00001228    00000038     rtsv7M4_T_le_v4SPD16_eabi.lib : boot_cortex_m.c.obj (.text:_c_int00_noargs:_c_int00_noargs)
                  00001260    00000034     driverlib.lib : sysctl.obj (.text:SysCtlPeripheralEnable)
                  00001294    0000002a                   : gpio.obj (.text:GPIODirModeSet)
                  000012be    0000002a                   : can.obj (.text:_CANDataRegRead)
                  000012e8    00000024                   : can.obj (.text:_CANDataRegWrite)
                  0000130c    00000022                   : can.obj (.text:CANIntClear)
                  0000132e    00000020                   : can.obj (.text:CANIntStatus)
                  0000134e    00000002     --HOLE-- [fill = 0]
                  00001350    00000020                   : uart.obj (.text:UARTDisable)
                  00001370    00000014                   : uart.obj (.text:UARTEnable)
                  00001384    00000012                   : gpio.obj (.text:GPIOPinTypeCAN)
                  00001396    00000012                   : gpio.obj (.text:GPIOPinTypeUART)
                  000013a8    0000000e     rtsv7M4_T_le_v4SPD16_eabi.lib : copy_decompress_none.c.obj (.text:decompress:none:__TI_decompress_none)
                  000013b6    0000000c     tm4c1237d5pz_startup_ccs.obj (.text)
                  000013c2    0000000a     driverlib.lib : can.obj (.text:CANEnable)
                  000013cc    0000000a                   : uart.obj (.text:UARTCharGet)
                  000013d6    0000000a                   : uart.obj (.text:UARTCharPut)
                  000013e0    00000008                   : can.obj (.text:CANIntEnable)
                  000013e8    00000006                   : sysctl.obj (.text:SysCtlDelay)
                  000013ee    00000006                   : uart.obj (.text:UARTClockSourceSet)
                  000013f4    00000004     rtsv7M4_T_le_v4SPD16_eabi.lib : pre_init.c.obj (.text:_system_pre_init)
                  000013f8    00000004                                   : exit.c.obj (.text:abort:abort)

.const     0    000013fc    000001bc     
                  000013fc    00000090     driverlib.lib : gpio.obj (.const:g_pui32GPIOBaseAddrs)
                  0000148c    00000070                   : interrupt.obj (.const)
                  000014fc    0000006c                   : sysctl.obj (.const:g_pui32Xtals)
                  00001568    00000020                   : can.obj (.const)
                  00001588    00000012     uartstdio.obj (.const:.string)
                  0000159a    00000002     --HOLE-- [fill = 0]
                  0000159c    0000000c     uartstdio.obj (.const:g_ui32UARTBase)
                  000015a8    0000000c     uartstdio.obj (.const:g_ui32UARTPeriph)
                  000015b4    00000004     uartstdio.obj (.const)

.cinit     0    000015b8    00000018     
                  000015b8    00000008     (__TI_handler_table)
                  000015c0    00000007     (.cinit..data.load) [load image, compression = lzss]
                  000015c7    00000001     --HOLE-- [fill = 0]
                  000015c8    00000008     (__TI_cinit_table)

.init_array 
*          0    00000000    00000000     UNINITIALIZED

.data      0    20000200    0000000d     UNINITIALIZED
                  20000200    00000006     simple_rx.obj (.data)
                  20000206    00000002     --HOLE--
                  20000208    00000005     uartstdio.obj (.data)

.stack     0    20000000    00000200     UNINITIALIZED
                  20000000    00000004     rtsv7M4_T_le_v4SPD16_eabi.lib : boot_cortex_m.c.obj (.stack)
                  20000004    000001fc     --HOLE--

MODULE SUMMARY

       Module                         code   ro data   rw data
       ------                         ----   -------   -------
    .\
       uartstdio.obj                  1180   46        5      
       tm4c1237d5pz_startup_ccs.obj   12     620       0      
       simple_rx.obj                  516    0         6      
    +--+------------------------------+------+---------+---------+
       Total:                         1708   666       11     
                                                              
    C:/ti/TivaWare_C_Series-2.1.4.178/driverlib/ccs/Debug/driverlib.lib
       can.obj                        972    32        0      
       sysctl.obj                     630    108       0      
       gpio.obj                       456    144       0      
       interrupt.obj                  104    112       0      
       uart.obj                       148    0         0      
    +--+------------------------------+------+---------+---------+
       Total:                         2310   396       0      
                                                              
    C:\ti\ccsv8\tools\compiler\ti-cgt-arm_18.1.5.LTS\lib\rtsv7M4_T_le_v4SPD16_eabi.lib
       memcpy_t2.asm.obj              156    0         0      
       copy_decompress_lzss.c.obj     104    0         0      
       autoinit.c.obj                 68     0         0      
       u_divt2.asm.obj                64     0         0      
       boot_cortex_m.c.obj            56     0         0      
       copy_decompress_none.c.obj     14     0         0      
       exit.c.obj                     4      0         0      
       pre_init.c.obj                 4      0         0      
       div0.asm.obj                   2      0         0      
    +--+------------------------------+------+---------+---------+
       Total:                         472    0         0      
                                                              
       Stack:                         0      0         512    
       Linker Generated:              0      23        0      
    +--+------------------------------+------+---------+---------+
       Grand Total:                   4490   1085      523    


LINKER GENERATED COPY TABLES

__TI_cinit_table @ 000015c8 records: 1, size/record: 8, table size: 8
	.data: load addr=000015c0, load size=00000007 bytes, run addr=20000200, run size=0000000d bytes, compression=lzss


LINKER GENERATED HANDLER TABLE

__TI_handler_table @ 000015b8 records: 2, size/record: 4, table size: 8
	index: 0, handler: __TI_decompress_lzss
	index: 1, handler: __TI_decompress_none


GLOBAL SYMBOLS: SORTED ALPHABETICALLY BY Name 

address   name                          
-------   ----                          
000013f9  C$$EXIT                       
00000f25  CANBitRateSet                 
000013c3  CANEnable                     
000011b5  CANInit                       
0000130d  CANIntClear                   
000013e1  CANIntEnable                  
00000745  CANIntHandler                 
0000132f  CANIntStatus                  
00000c85  CANMessageGet                 
0000090d  CANMessageSet                 
00001135  CANStatusGet                  
00001295  GPIODirModeSet                
00000a43  GPIOPadConfigSet              
00001061  GPIOPinConfigure              
00001385  GPIOPinTypeCAN                
00001397  GPIOPinTypeUART               
00000709  InitConsole                   
00000f91  IntEnable                     
000013b7  ResetISR                      
00000b75  SysCtlClockGet                
00000d95  SysCtlClockSet                
000013e9  SysCtlDelay                   
00001261  SysCtlPeripheralEnable        
000011f1  SysCtlPeripheralPresent       
000013cd  UARTCharGet                   
000013d7  UARTCharPut                   
000013ef  UARTClockSourceSet            
000010a9  UARTConfigSetExpClk           
00001351  UARTDisable                   
00001371  UARTEnable                    
0000026d  UARTStdioConfig               
000003b3  UARTgetc                      
000002f9  UARTgets                      
000006d3  UARTprintf                    
000003d9  UARTvprintf                   
000002b3  UARTwrite                     
20000200  __STACK_END                   
00000200  __STACK_SIZE                  
20000200  __STACK_TOP                   
000015c8  __TI_CINIT_Base               
000015d0  __TI_CINIT_Limit              
000015b8  __TI_Handler_Table_Base       
000015c0  __TI_Handler_Table_Limit      
000010f1  __TI_auto_init_nobinit_nopinit
00000ff9  __TI_decompress_lzss          
000013a9  __TI_decompress_none          
ffffffff  __TI_pprof_out_hndl           
ffffffff  __TI_prof_data_size           
ffffffff  __TI_prof_data_start          
00000000  __TI_static_base__            
00000d93  __aeabi_idiv0                 
00000d93  __aeabi_ldiv0                 
00000e89  __aeabi_memcpy                
00000e89  __aeabi_memcpy4               
00000e89  __aeabi_memcpy8               
00001175  __aeabi_uidiv                 
00001175  __aeabi_uidivmod              
ffffffff  __binit__                     
ffffffff  __c_args__                    
UNDEFED   __mpu_init                    
20000000  __stack                       
00001229  _c_int00_noargs               
UNDEFED   _system_post_cinit            
000013f5  _system_pre_init              
000013f9  abort                         
ffffffff  binit                         
20000205  g_bErrFlag                    
20000204  g_bRXFlag                     
00000000  g_pfnVectors                  
20000200  g_ui32MsgCount                
00000791  main                          
00000e89  memcpy                        


GLOBAL SYMBOLS: SORTED BY Symbol Address 

address   name                          
-------   ----                          
00000000  __TI_static_base__            
00000000  g_pfnVectors                  
00000200  __STACK_SIZE                  
0000026d  UARTStdioConfig               
000002b3  UARTwrite                     
000002f9  UARTgets                      
000003b3  UARTgetc                      
000003d9  UARTvprintf                   
000006d3  UARTprintf                    
00000709  InitConsole                   
00000745  CANIntHandler                 
00000791  main                          
0000090d  CANMessageSet                 
00000a43  GPIOPadConfigSet              
00000b75  SysCtlClockGet                
00000c85  CANMessageGet                 
00000d93  __aeabi_idiv0                 
00000d93  __aeabi_ldiv0                 
00000d95  SysCtlClockSet                
00000e89  __aeabi_memcpy                
00000e89  __aeabi_memcpy4               
00000e89  __aeabi_memcpy8               
00000e89  memcpy                        
00000f25  CANBitRateSet                 
00000f91  IntEnable                     
00000ff9  __TI_decompress_lzss          
00001061  GPIOPinConfigure              
000010a9  UARTConfigSetExpClk           
000010f1  __TI_auto_init_nobinit_nopinit
00001135  CANStatusGet                  
00001175  __aeabi_uidiv                 
00001175  __aeabi_uidivmod              
000011b5  CANInit                       
000011f1  SysCtlPeripheralPresent       
00001229  _c_int00_noargs               
00001261  SysCtlPeripheralEnable        
00001295  GPIODirModeSet                
0000130d  CANIntClear                   
0000132f  CANIntStatus                  
00001351  UARTDisable                   
00001371  UARTEnable                    
00001385  GPIOPinTypeCAN                
00001397  GPIOPinTypeUART               
000013a9  __TI_decompress_none          
000013b7  ResetISR                      
000013c3  CANEnable                     
000013cd  UARTCharGet                   
000013d7  UARTCharPut                   
000013e1  CANIntEnable                  
000013e9  SysCtlDelay                   
000013ef  UARTClockSourceSet            
000013f5  _system_pre_init              
000013f9  C$$EXIT                       
000013f9  abort                         
000015b8  __TI_Handler_Table_Base       
000015c0  __TI_Handler_Table_Limit      
000015c8  __TI_CINIT_Base               
000015d0  __TI_CINIT_Limit              
20000000  __stack                       
20000200  __STACK_END                   
20000200  __STACK_TOP                   
20000200  g_ui32MsgCount                
20000204  g_bRXFlag                     
20000205  g_bErrFlag                    
ffffffff  __TI_pprof_out_hndl           
ffffffff  __TI_prof_data_size           
ffffffff  __TI_prof_data_start          
ffffffff  __binit__                     
ffffffff  __c_args__                    
ffffffff  binit                         
UNDEFED   __mpu_init                    
UNDEFED   _system_post_cinit            

[72 symbols]
