<?xml version="1.0" encoding="ISO-8859-1" ?>
<link_info>
   <banner>TI ARM Linker PC v18.1.5.LTS</banner>
   <copyright>Copyright (c) 1996-2018 Texas Instruments Incorporated</copyright>
   <link_time>0x5cbb1b9c</link_time>
   <link_errors>0x0</link_errors>
   <output_file>CAN_simple_RX.out</output_file>
   <entry_point>
      <name>_c_int00_noargs</name>
      <address>0x1229</address>
   </entry_point>
   <input_file_list>
      <input_file id="fl-2">
         <path>.\</path>
         <kind>object</kind>
         <file>simple_rx.obj</file>
         <name>simple_rx.obj</name>
      </input_file>
      <input_file id="fl-3">
         <path>.\</path>
         <kind>object</kind>
         <file>tm4c1237d5pz_startup_ccs.obj</file>
         <name>tm4c1237d5pz_startup_ccs.obj</name>
      </input_file>
      <input_file id="fl-4">
         <path>.\</path>
         <kind>object</kind>
         <file>uartstdio.obj</file>
         <name>uartstdio.obj</name>
      </input_file>
      <input_file id="fl-9">
         <kind>object</kind>
         <file>&lt;internal&gt;</file>
         <name>&lt;internal&gt;</name>
      </input_file>
      <input_file id="fl-bf">
         <path>C:\ti\ccsv8\tools\compiler\ti-cgt-arm_18.1.5.LTS\lib\</path>
         <kind>archive</kind>
         <file>rtsv7M4_T_le_v4SPD16_eabi.lib</file>
         <name>u_divt2.asm.obj</name>
      </input_file>
      <input_file id="fl-c0">
         <path>C:\ti\ccsv8\tools\compiler\ti-cgt-arm_18.1.5.LTS\lib\</path>
         <kind>archive</kind>
         <file>rtsv7M4_T_le_v4SPD16_eabi.lib</file>
         <name>copy_zero_init.c.obj</name>
      </input_file>
      <input_file id="fl-c1">
         <path>C:\ti\ccsv8\tools\compiler\ti-cgt-arm_18.1.5.LTS\lib\</path>
         <kind>archive</kind>
         <file>rtsv7M4_T_le_v4SPD16_eabi.lib</file>
         <name>copy_decompress_none.c.obj</name>
      </input_file>
      <input_file id="fl-c2">
         <path>C:\ti\ccsv8\tools\compiler\ti-cgt-arm_18.1.5.LTS\lib\</path>
         <kind>archive</kind>
         <file>rtsv7M4_T_le_v4SPD16_eabi.lib</file>
         <name>copy_decompress_lzss.c.obj</name>
      </input_file>
      <input_file id="fl-c3">
         <path>C:\ti\ccsv8\tools\compiler\ti-cgt-arm_18.1.5.LTS\lib\</path>
         <kind>archive</kind>
         <file>rtsv7M4_T_le_v4SPD16_eabi.lib</file>
         <name>boot_cortex_m.c.obj</name>
      </input_file>
      <input_file id="fl-c4">
         <path>C:\ti\ccsv8\tools\compiler\ti-cgt-arm_18.1.5.LTS\lib\</path>
         <kind>archive</kind>
         <file>rtsv7M4_T_le_v4SPD16_eabi.lib</file>
         <name>exit.c.obj</name>
      </input_file>
      <input_file id="fl-c5">
         <path>C:\ti\ccsv8\tools\compiler\ti-cgt-arm_18.1.5.LTS\lib\</path>
         <kind>archive</kind>
         <file>rtsv7M4_T_le_v4SPD16_eabi.lib</file>
         <name>_lock.c.obj</name>
      </input_file>
      <input_file id="fl-c6">
         <path>C:\ti\ccsv8\tools\compiler\ti-cgt-arm_18.1.5.LTS\lib\</path>
         <kind>archive</kind>
         <file>rtsv7M4_T_le_v4SPD16_eabi.lib</file>
         <name>args_main.c.obj</name>
      </input_file>
      <input_file id="fl-c7">
         <path>C:\ti\ccsv8\tools\compiler\ti-cgt-arm_18.1.5.LTS\lib\</path>
         <kind>archive</kind>
         <file>rtsv7M4_T_le_v4SPD16_eabi.lib</file>
         <name>div0.asm.obj</name>
      </input_file>
      <input_file id="fl-c8">
         <path>C:\ti\ccsv8\tools\compiler\ti-cgt-arm_18.1.5.LTS\lib\</path>
         <kind>archive</kind>
         <file>rtsv7M4_T_le_v4SPD16_eabi.lib</file>
         <name>memset_t2.asm.obj</name>
      </input_file>
      <input_file id="fl-c9">
         <path>C:\ti\ccsv8\tools\compiler\ti-cgt-arm_18.1.5.LTS\lib\</path>
         <kind>archive</kind>
         <file>rtsv7M4_T_le_v4SPD16_eabi.lib</file>
         <name>memcpy_t2.asm.obj</name>
      </input_file>
      <input_file id="fl-ca">
         <path>C:\ti\ccsv8\tools\compiler\ti-cgt-arm_18.1.5.LTS\lib\</path>
         <kind>archive</kind>
         <file>rtsv7M4_T_le_v4SPD16_eabi.lib</file>
         <name>autoinit.c.obj</name>
      </input_file>
      <input_file id="fl-cb">
         <path>C:\ti\ccsv8\tools\compiler\ti-cgt-arm_18.1.5.LTS\lib\</path>
         <kind>archive</kind>
         <file>rtsv7M4_T_le_v4SPD16_eabi.lib</file>
         <name>pre_init.c.obj</name>
      </input_file>
      <input_file id="fl-cc">
         <path>C:\ti\ccsv8\tools\compiler\ti-cgt-arm_18.1.5.LTS\lib\</path>
         <kind>archive</kind>
         <file>rtsv7M4_T_le_v4SPD16_eabi.lib</file>
         <name>cpy_tbl.c.obj</name>
      </input_file>
      <input_file id="fl-cd">
         <path>C:\ti\TivaWare_C_Series-2.1.4.178\driverlib\ccs\Debug\</path>
         <kind>archive</kind>
         <file>driverlib.lib</file>
         <name>can.obj</name>
      </input_file>
      <input_file id="fl-ce">
         <path>C:\ti\TivaWare_C_Series-2.1.4.178\driverlib\ccs\Debug\</path>
         <kind>archive</kind>
         <file>driverlib.lib</file>
         <name>gpio.obj</name>
      </input_file>
      <input_file id="fl-cf">
         <path>C:\ti\TivaWare_C_Series-2.1.4.178\driverlib\ccs\Debug\</path>
         <kind>archive</kind>
         <file>driverlib.lib</file>
         <name>interrupt.obj</name>
      </input_file>
      <input_file id="fl-d0">
         <path>C:\ti\TivaWare_C_Series-2.1.4.178\driverlib\ccs\Debug\</path>
         <kind>archive</kind>
         <file>driverlib.lib</file>
         <name>sysctl.obj</name>
      </input_file>
      <input_file id="fl-d1">
         <path>C:\ti\TivaWare_C_Series-2.1.4.178\driverlib\ccs\Debug\</path>
         <kind>archive</kind>
         <file>driverlib.lib</file>
         <name>uart.obj</name>
      </input_file>
      <input_file id="fl-d2">
         <path>C:\ti\TivaWare_C_Series-2.1.4.178\driverlib\ccs\Debug\</path>
         <kind>archive</kind>
         <file>driverlib.lib</file>
         <name>cpu.obj</name>
      </input_file>
   </input_file_list>
   <object_component_list>
      <object_component id="oc-f">
         <name>.intvecs</name>
         <load_address>0x0</load_address>
         <run_address>0x0</run_address>
         <size>0x26c</size>
         <input_file_ref idref="fl-3"/>
      </object_component>
      <object_component id="oc-89">
         <name>.text</name>
         <load_address>0x26c</load_address>
         <run_address>0x26c</run_address>
         <size>0x49c</size>
         <input_file_ref idref="fl-4"/>
      </object_component>
      <object_component id="oc-2a">
         <name>.text</name>
         <load_address>0x708</load_address>
         <run_address>0x708</run_address>
         <size>0x204</size>
         <input_file_ref idref="fl-2"/>
      </object_component>
      <object_component id="oc-d1">
         <name>.text:CANMessageSet</name>
         <load_address>0x90c</load_address>
         <run_address>0x90c</run_address>
         <size>0x136</size>
         <input_file_ref idref="fl-cd"/>
      </object_component>
      <object_component id="oc-139">
         <name>.text:GPIOPadConfigSet</name>
         <load_address>0xa42</load_address>
         <run_address>0xa42</run_address>
         <size>0x132</size>
         <input_file_ref idref="fl-ce"/>
      </object_component>
      <object_component id="oc-b3">
         <name>.text:SysCtlClockGet</name>
         <load_address>0xb74</load_address>
         <run_address>0xb74</run_address>
         <size>0x110</size>
         <input_file_ref idref="fl-d0"/>
      </object_component>
      <object_component id="oc-d7">
         <name>.text:CANMessageGet</name>
         <load_address>0xc84</load_address>
         <run_address>0xc84</run_address>
         <size>0x10e</size>
         <input_file_ref idref="fl-cd"/>
      </object_component>
      <object_component id="oc-217">
         <name>.text</name>
         <load_address>0xd92</load_address>
         <run_address>0xd92</run_address>
         <size>0x2</size>
         <input_file_ref idref="fl-c7"/>
      </object_component>
      <object_component id="oc-a1">
         <name>.text:SysCtlClockSet</name>
         <load_address>0xd94</load_address>
         <run_address>0xd94</run_address>
         <size>0xf4</size>
         <input_file_ref idref="fl-d0"/>
      </object_component>
      <object_component id="oc-3e">
         <name>.text</name>
         <load_address>0xe88</load_address>
         <run_address>0xe88</run_address>
         <size>0x9c</size>
         <input_file_ref idref="fl-c9"/>
      </object_component>
      <object_component id="oc-b9">
         <name>.text:CANBitRateSet</name>
         <load_address>0xf24</load_address>
         <run_address>0xf24</run_address>
         <size>0x6c</size>
         <input_file_ref idref="fl-cd"/>
      </object_component>
      <object_component id="oc-c5">
         <name>.text:IntEnable</name>
         <load_address>0xf90</load_address>
         <run_address>0xf90</run_address>
         <size>0x68</size>
         <input_file_ref idref="fl-cf"/>
      </object_component>
      <object_component id="oc-12">
         <name>.text:decompress:lzss:__TI_decompress_lzss</name>
         <load_address>0xff8</load_address>
         <run_address>0xff8</run_address>
         <size>0x68</size>
         <input_file_ref idref="fl-c2"/>
      </object_component>
      <object_component id="oc-77">
         <name>.text:GPIOPinConfigure</name>
         <load_address>0x1060</load_address>
         <run_address>0x1060</run_address>
         <size>0x48</size>
         <input_file_ref idref="fl-ce"/>
      </object_component>
      <object_component id="oc-146">
         <name>.text:UARTConfigSetExpClk</name>
         <load_address>0x10a8</load_address>
         <run_address>0x10a8</run_address>
         <size>0x46</size>
         <input_file_ref idref="fl-d1"/>
      </object_component>
      <object_component id="oc-1c5">
         <name>.text:__TI_auto_init_nobinit_nopinit:__TI_auto_init_nobinit_nopinit</name>
         <load_address>0x10f0</load_address>
         <run_address>0x10f0</run_address>
         <size>0x44</size>
         <input_file_ref idref="fl-ca"/>
      </object_component>
      <object_component id="oc-95">
         <name>.text:CANStatusGet</name>
         <load_address>0x1134</load_address>
         <run_address>0x1134</run_address>
         <size>0x40</size>
         <input_file_ref idref="fl-cd"/>
      </object_component>
      <object_component id="oc-167">
         <name>.text</name>
         <load_address>0x1174</load_address>
         <run_address>0x1174</run_address>
         <size>0x40</size>
         <input_file_ref idref="fl-bf"/>
      </object_component>
      <object_component id="oc-ad">
         <name>.text:CANInit</name>
         <load_address>0x11b4</load_address>
         <run_address>0x11b4</run_address>
         <size>0x3a</size>
         <input_file_ref idref="fl-cd"/>
      </object_component>
      <object_component id="oc-140">
         <name>.text:SysCtlPeripheralPresent</name>
         <load_address>0x11f0</load_address>
         <run_address>0x11f0</run_address>
         <size>0x38</size>
         <input_file_ref idref="fl-d0"/>
      </object_component>
      <object_component id="oc-5c">
         <name>.text:_c_int00_noargs:_c_int00_noargs</name>
         <load_address>0x1228</load_address>
         <run_address>0x1228</run_address>
         <size>0x38</size>
         <input_file_ref idref="fl-c3"/>
      </object_component>
      <object_component id="oc-71">
         <name>.text:SysCtlPeripheralEnable</name>
         <load_address>0x1260</load_address>
         <run_address>0x1260</run_address>
         <size>0x34</size>
         <input_file_ref idref="fl-d0"/>
      </object_component>
      <object_component id="oc-133">
         <name>.text:GPIODirModeSet</name>
         <load_address>0x1294</load_address>
         <run_address>0x1294</run_address>
         <size>0x2a</size>
         <input_file_ref idref="fl-ce"/>
      </object_component>
      <object_component id="oc-199">
         <name>.text:_CANDataRegRead</name>
         <load_address>0x12be</load_address>
         <run_address>0x12be</run_address>
         <size>0x2a</size>
         <input_file_ref idref="fl-cd"/>
      </object_component>
      <object_component id="oc-192">
         <name>.text:_CANDataRegWrite</name>
         <load_address>0x12e8</load_address>
         <run_address>0x12e8</run_address>
         <size>0x24</size>
         <input_file_ref idref="fl-cd"/>
      </object_component>
      <object_component id="oc-9b">
         <name>.text:CANIntClear</name>
         <load_address>0x130c</load_address>
         <run_address>0x130c</run_address>
         <size>0x22</size>
         <input_file_ref idref="fl-cd"/>
      </object_component>
      <object_component id="oc-8f">
         <name>.text:CANIntStatus</name>
         <load_address>0x132e</load_address>
         <run_address>0x132e</run_address>
         <size>0x20</size>
         <input_file_ref idref="fl-cd"/>
      </object_component>
      <object_component id="oc-207">
         <name>.text:UARTDisable</name>
         <load_address>0x1350</load_address>
         <run_address>0x1350</run_address>
         <size>0x20</size>
         <input_file_ref idref="fl-d1"/>
      </object_component>
      <object_component id="oc-14c">
         <name>.text:UARTEnable</name>
         <load_address>0x1370</load_address>
         <run_address>0x1370</run_address>
         <size>0x14</size>
         <input_file_ref idref="fl-d1"/>
      </object_component>
      <object_component id="oc-a7">
         <name>.text:GPIOPinTypeCAN</name>
         <load_address>0x1384</load_address>
         <run_address>0x1384</run_address>
         <size>0x12</size>
         <input_file_ref idref="fl-ce"/>
      </object_component>
      <object_component id="oc-83">
         <name>.text:GPIOPinTypeUART</name>
         <load_address>0x1396</load_address>
         <run_address>0x1396</run_address>
         <size>0x12</size>
         <input_file_ref idref="fl-ce"/>
      </object_component>
      <object_component id="oc-18">
         <name>.text:decompress:none:__TI_decompress_none</name>
         <load_address>0x13a8</load_address>
         <run_address>0x13a8</run_address>
         <size>0xe</size>
         <input_file_ref idref="fl-c1"/>
      </object_component>
      <object_component id="oc-24">
         <name>.text</name>
         <load_address>0x13b6</load_address>
         <run_address>0x13b6</run_address>
         <size>0xc</size>
         <input_file_ref idref="fl-3"/>
      </object_component>
      <object_component id="oc-cb">
         <name>.text:CANEnable</name>
         <load_address>0x13c2</load_address>
         <run_address>0x13c2</run_address>
         <size>0xa</size>
         <input_file_ref idref="fl-cd"/>
      </object_component>
      <object_component id="oc-158">
         <name>.text:UARTCharGet</name>
         <load_address>0x13cc</load_address>
         <run_address>0x13cc</run_address>
         <size>0xa</size>
         <input_file_ref idref="fl-d1"/>
      </object_component>
      <object_component id="oc-152">
         <name>.text:UARTCharPut</name>
         <load_address>0x13d6</load_address>
         <run_address>0x13d6</run_address>
         <size>0xa</size>
         <input_file_ref idref="fl-d1"/>
      </object_component>
      <object_component id="oc-bf">
         <name>.text:CANIntEnable</name>
         <load_address>0x13e0</load_address>
         <run_address>0x13e0</run_address>
         <size>0x8</size>
         <input_file_ref idref="fl-cd"/>
      </object_component>
      <object_component id="oc-17f">
         <name>.text:SysCtlDelay</name>
         <load_address>0x13e8</load_address>
         <run_address>0x13e8</run_address>
         <size>0x6</size>
         <input_file_ref idref="fl-d0"/>
      </object_component>
      <object_component id="oc-7d">
         <name>.text:UARTClockSourceSet</name>
         <load_address>0x13ee</load_address>
         <run_address>0x13ee</run_address>
         <size>0x6</size>
         <input_file_ref idref="fl-d1"/>
      </object_component>
      <object_component id="oc-113">
         <name>.text:_system_pre_init</name>
         <load_address>0x13f4</load_address>
         <run_address>0x13f4</run_address>
         <size>0x4</size>
         <input_file_ref idref="fl-cb"/>
      </object_component>
      <object_component id="oc-1b9">
         <name>.text:abort:abort</name>
         <load_address>0x13f8</load_address>
         <run_address>0x13f8</run_address>
         <size>0x4</size>
         <input_file_ref idref="fl-c4"/>
      </object_component>
      <object_component id="oc-12c">
         <name>.const:g_pui32GPIOBaseAddrs</name>
         <load_address>0x13fc</load_address>
         <run_address>0x13fc</run_address>
         <size>0x90</size>
         <input_file_ref idref="fl-ce"/>
      </object_component>
      <object_component id="oc-18c">
         <name>.const</name>
         <load_address>0x148c</load_address>
         <run_address>0x148c</run_address>
         <size>0x70</size>
         <input_file_ref idref="fl-cf"/>
      </object_component>
      <object_component id="oc-183">
         <name>.const:g_pui32Xtals</name>
         <load_address>0x14fc</load_address>
         <run_address>0x14fc</run_address>
         <size>0x6c</size>
         <input_file_ref idref="fl-d0"/>
      </object_component>
      <object_component id="oc-187">
         <name>.const</name>
         <load_address>0x1568</load_address>
         <run_address>0x1568</run_address>
         <size>0x20</size>
         <input_file_ref idref="fl-cd"/>
      </object_component>
      <object_component id="oc-21d">
         <name>.const:.string</name>
         <load_address>0x1588</load_address>
         <run_address>0x1588</run_address>
         <size>0x12</size>
         <input_file_ref idref="fl-4"/>
      </object_component>
      <object_component id="oc-164">
         <name>.const:g_ui32UARTBase</name>
         <load_address>0x159c</load_address>
         <run_address>0x159c</run_address>
         <size>0xc</size>
         <input_file_ref idref="fl-4"/>
      </object_component>
      <object_component id="oc-15e">
         <name>.const:g_ui32UARTPeriph</name>
         <load_address>0x15a8</load_address>
         <run_address>0x15a8</run_address>
         <size>0xc</size>
         <input_file_ref idref="fl-4"/>
      </object_component>
      <object_component id="oc-16c">
         <name>.const</name>
         <load_address>0x15b4</load_address>
         <run_address>0x15b4</run_address>
         <size>0x4</size>
         <input_file_ref idref="fl-4"/>
      </object_component>
      <object_component id="oc-2a7">
         <name>__TI_handler_table</name>
         <load_address>0x15b8</load_address>
         <run_address>0x15b8</run_address>
         <size>0x8</size>
      </object_component>
      <object_component id="oc-2a9">
         <name>.cinit..data.load</name>
         <load_address>0x15c0</load_address>
         <run_address>0x15c0</run_address>
         <size>0x7</size>
      </object_component>
      <object_component id="oc-2a8">
         <name>__TI_cinit_table</name>
         <load_address>0x15c8</load_address>
         <run_address>0x15c8</run_address>
         <size>0x8</size>
      </object_component>
      <object_component id="oc-dd">
         <name>.data</name>
         <load_address>0x20000200</load_address>
         <run_address>0x20000200</run_address>
         <size>0x6</size>
         <input_file_ref idref="fl-2"/>
      </object_component>
      <object_component id="oc-161">
         <name>.data</name>
         <load_address>0x20000208</load_address>
         <run_address>0x20000208</run_address>
         <size>0x5</size>
         <input_file_ref idref="fl-4"/>
      </object_component>
      <object_component id="oc-21">
         <name>.stack</name>
         <uninitialized>true</uninitialized>
         <run_address>0x20000000</run_address>
         <size>0x4</size>
         <input_file_ref idref="fl-c3"/>
      </object_component>
      <object_component id="oc-2aa">
         <name>.stack</name>
         <uninitialized>true</uninitialized>
         <run_address>0x20000000</run_address>
         <size>0x0</size>
      </object_component>
      <object_component id="oc-f0">
         <name>.debug_info</name>
         <load_address>0x0</load_address>
         <run_address>0x0</run_address>
         <size>0x639</size>
         <input_file_ref idref="fl-2"/>
      </object_component>
      <object_component id="oc-de">
         <name>.debug_info</name>
         <load_address>0x639</load_address>
         <run_address>0x639</run_address>
         <size>0x123</size>
         <input_file_ref idref="fl-2"/>
      </object_component>
      <object_component id="oc-2b">
         <name>.debug_info</name>
         <load_address>0x75c</load_address>
         <run_address>0x75c</run_address>
         <size>0x492</size>
         <input_file_ref idref="fl-2"/>
      </object_component>
      <object_component id="oc-eb">
         <name>.debug_info</name>
         <load_address>0xbee</load_address>
         <run_address>0xbee</run_address>
         <size>0x1b3</size>
         <input_file_ref idref="fl-2"/>
      </object_component>
      <object_component id="oc-f3">
         <name>.debug_info</name>
         <load_address>0xda1</load_address>
         <run_address>0xda1</run_address>
         <size>0x26b</size>
         <input_file_ref idref="fl-2"/>
      </object_component>
      <object_component id="oc-e6">
         <name>.debug_info</name>
         <load_address>0x100c</load_address>
         <run_address>0x100c</run_address>
         <size>0x8b</size>
         <input_file_ref idref="fl-2"/>
      </object_component>
      <object_component id="oc-1a2">
         <name>.debug_info</name>
         <load_address>0x1097</load_address>
         <run_address>0x1097</run_address>
         <size>0x297</size>
         <input_file_ref idref="fl-2"/>
      </object_component>
      <object_component id="oc-e1">
         <name>.debug_info</name>
         <load_address>0x132e</load_address>
         <run_address>0x132e</run_address>
         <size>0xbb</size>
         <input_file_ref idref="fl-2"/>
      </object_component>
      <object_component id="oc-171">
         <name>.debug_info</name>
         <load_address>0x13e9</load_address>
         <run_address>0x13e9</run_address>
         <size>0x2c</size>
         <input_file_ref idref="fl-2"/>
      </object_component>
      <object_component id="oc-32">
         <name>.debug_info</name>
         <load_address>0x1415</load_address>
         <run_address>0x1415</run_address>
         <size>0x2c9</size>
         <input_file_ref idref="fl-3"/>
      </object_component>
      <object_component id="oc-10">
         <name>.debug_info</name>
         <load_address>0x16de</load_address>
         <run_address>0x16de</run_address>
         <size>0xe6</size>
         <input_file_ref idref="fl-3"/>
      </object_component>
      <object_component id="oc-25">
         <name>.debug_info</name>
         <load_address>0x17c4</load_address>
         <run_address>0x17c4</run_address>
         <size>0x262</size>
         <input_file_ref idref="fl-3"/>
      </object_component>
      <object_component id="oc-39">
         <name>.debug_info</name>
         <load_address>0x1a26</load_address>
         <run_address>0x1a26</run_address>
         <size>0x84</size>
         <input_file_ref idref="fl-3"/>
      </object_component>
      <object_component id="oc-170">
         <name>.debug_info</name>
         <load_address>0x1aaa</load_address>
         <run_address>0x1aaa</run_address>
         <size>0x3db</size>
         <input_file_ref idref="fl-4"/>
      </object_component>
      <object_component id="oc-162">
         <name>.debug_info</name>
         <load_address>0x1e85</load_address>
         <run_address>0x1e85</run_address>
         <size>0xd2</size>
         <input_file_ref idref="fl-4"/>
      </object_component>
      <object_component id="oc-16d">
         <name>.debug_info</name>
         <load_address>0x1f57</load_address>
         <run_address>0x1f57</run_address>
         <size>0xcc</size>
         <input_file_ref idref="fl-4"/>
      </object_component>
      <object_component id="oc-165">
         <name>.debug_info</name>
         <load_address>0x2023</load_address>
         <run_address>0x2023</run_address>
         <size>0xda</size>
         <input_file_ref idref="fl-4"/>
      </object_component>
      <object_component id="oc-15f">
         <name>.debug_info</name>
         <load_address>0x20fd</load_address>
         <run_address>0x20fd</run_address>
         <size>0xde</size>
         <input_file_ref idref="fl-4"/>
      </object_component>
      <object_component id="oc-8c">
         <name>.debug_info</name>
         <load_address>0x21db</load_address>
         <run_address>0x21db</run_address>
         <size>0x77b</size>
         <input_file_ref idref="fl-4"/>
      </object_component>
      <object_component id="oc-168">
         <name>.debug_info</name>
         <load_address>0x2956</load_address>
         <run_address>0x2956</run_address>
         <size>0x145</size>
         <input_file_ref idref="fl-bf"/>
      </object_component>
      <object_component id="oc-49">
         <name>.debug_info</name>
         <load_address>0x2a9b</load_address>
         <run_address>0x2a9b</run_address>
         <size>0x2a8</size>
         <input_file_ref idref="fl-c1"/>
      </object_component>
      <object_component id="oc-19">
         <name>.debug_info</name>
         <load_address>0x2d43</load_address>
         <run_address>0x2d43</run_address>
         <size>0x1ea</size>
         <input_file_ref idref="fl-c1"/>
      </object_component>
      <object_component id="oc-44">
         <name>.debug_info</name>
         <load_address>0x2f2d</load_address>
         <run_address>0x2f2d</run_address>
         <size>0x46</size>
         <input_file_ref idref="fl-c1"/>
      </object_component>
      <object_component id="oc-ff">
         <name>.debug_info</name>
         <load_address>0x2f73</load_address>
         <run_address>0x2f73</run_address>
         <size>0x2c</size>
         <input_file_ref idref="fl-c1"/>
      </object_component>
      <object_component id="oc-fd">
         <name>.debug_info</name>
         <load_address>0x2f9f</load_address>
         <run_address>0x2f9f</run_address>
         <size>0x29e</size>
         <input_file_ref idref="fl-c2"/>
      </object_component>
      <object_component id="oc-16">
         <name>.debug_info</name>
         <load_address>0x323d</load_address>
         <run_address>0x323d</run_address>
         <size>0x250</size>
         <input_file_ref idref="fl-c2"/>
      </object_component>
      <object_component id="oc-34">
         <name>.debug_info</name>
         <load_address>0x348d</load_address>
         <run_address>0x348d</run_address>
         <size>0x60</size>
         <input_file_ref idref="fl-c2"/>
      </object_component>
      <object_component id="oc-1a9">
         <name>.debug_info</name>
         <load_address>0x34ed</load_address>
         <run_address>0x34ed</run_address>
         <size>0x46</size>
         <input_file_ref idref="fl-c2"/>
      </object_component>
      <object_component id="oc-f8">
         <name>.debug_info</name>
         <load_address>0x3533</load_address>
         <run_address>0x3533</run_address>
         <size>0x39</size>
         <input_file_ref idref="fl-c2"/>
      </object_component>
      <object_component id="oc-22">
         <name>.debug_info</name>
         <load_address>0x356c</load_address>
         <run_address>0x356c</run_address>
         <size>0x10b</size>
         <input_file_ref idref="fl-c3"/>
      </object_component>
      <object_component id="oc-60">
         <name>.debug_info</name>
         <load_address>0x3677</load_address>
         <run_address>0x3677</run_address>
         <size>0x1af</size>
         <input_file_ref idref="fl-c3"/>
      </object_component>
      <object_component id="oc-1bd">
         <name>.debug_info</name>
         <load_address>0x3826</load_address>
         <run_address>0x3826</run_address>
         <size>0x122</size>
         <input_file_ref idref="fl-c4"/>
      </object_component>
      <object_component id="oc-218">
         <name>.debug_info</name>
         <load_address>0x3948</load_address>
         <run_address>0x3948</run_address>
         <size>0x118</size>
         <input_file_ref idref="fl-c7"/>
      </object_component>
      <object_component id="oc-3f">
         <name>.debug_info</name>
         <load_address>0x3a60</load_address>
         <run_address>0x3a60</run_address>
         <size>0x11c</size>
         <input_file_ref idref="fl-c9"/>
      </object_component>
      <object_component id="oc-239">
         <name>.debug_info</name>
         <load_address>0x3b7c</load_address>
         <run_address>0x3b7c</run_address>
         <size>0x552</size>
         <input_file_ref idref="fl-ca"/>
      </object_component>
      <object_component id="oc-1c6">
         <name>.debug_info</name>
         <load_address>0x40ce</load_address>
         <run_address>0x40ce</run_address>
         <size>0x1a6</size>
         <input_file_ref idref="fl-ca"/>
      </object_component>
      <object_component id="oc-260">
         <name>.debug_info</name>
         <load_address>0x4274</load_address>
         <run_address>0x4274</run_address>
         <size>0x39</size>
         <input_file_ref idref="fl-ca"/>
      </object_component>
      <object_component id="oc-274">
         <name>.debug_info</name>
         <load_address>0x42ad</load_address>
         <run_address>0x42ad</run_address>
         <size>0x39</size>
         <input_file_ref idref="fl-ca"/>
      </object_component>
      <object_component id="oc-265">
         <name>.debug_info</name>
         <load_address>0x42e6</load_address>
         <run_address>0x42e6</run_address>
         <size>0x39</size>
         <input_file_ref idref="fl-ca"/>
      </object_component>
      <object_component id="oc-26a">
         <name>.debug_info</name>
         <load_address>0x431f</load_address>
         <run_address>0x431f</run_address>
         <size>0xcd</size>
         <input_file_ref idref="fl-ca"/>
      </object_component>
      <object_component id="oc-114">
         <name>.debug_info</name>
         <load_address>0x43ec</load_address>
         <run_address>0x43ec</run_address>
         <size>0x153</size>
         <input_file_ref idref="fl-cb"/>
      </object_component>
      <object_component id="oc-17c">
         <name>.debug_info</name>
         <load_address>0x453f</load_address>
         <run_address>0x453f</run_address>
         <size>0x227</size>
         <input_file_ref idref="fl-cd"/>
      </object_component>
      <object_component id="oc-188">
         <name>.debug_info</name>
         <load_address>0x4766</load_address>
         <run_address>0x4766</run_address>
         <size>0x156</size>
         <input_file_ref idref="fl-cd"/>
      </object_component>
      <object_component id="oc-96">
         <name>.debug_info</name>
         <load_address>0x48bc</load_address>
         <run_address>0x48bc</run_address>
         <size>0x286</size>
         <input_file_ref idref="fl-cd"/>
      </object_component>
      <object_component id="oc-193">
         <name>.debug_info</name>
         <load_address>0x4b42</load_address>
         <run_address>0x4b42</run_address>
         <size>0x2dd</size>
         <input_file_ref idref="fl-cd"/>
      </object_component>
      <object_component id="oc-d2">
         <name>.debug_info</name>
         <load_address>0x4e1f</load_address>
         <run_address>0x4e1f</run_address>
         <size>0x413</size>
         <input_file_ref idref="fl-cd"/>
      </object_component>
      <object_component id="oc-19a">
         <name>.debug_info</name>
         <load_address>0x5232</load_address>
         <run_address>0x5232</run_address>
         <size>0x2de</size>
         <input_file_ref idref="fl-cd"/>
      </object_component>
      <object_component id="oc-d8">
         <name>.debug_info</name>
         <load_address>0x5510</load_address>
         <run_address>0x5510</run_address>
         <size>0x3e8</size>
         <input_file_ref idref="fl-cd"/>
      </object_component>
      <object_component id="oc-91">
         <name>.debug_info</name>
         <load_address>0x58f8</load_address>
         <run_address>0x58f8</run_address>
         <size>0x28c</size>
         <input_file_ref idref="fl-cd"/>
      </object_component>
      <object_component id="oc-c1">
         <name>.debug_info</name>
         <load_address>0x5b84</load_address>
         <run_address>0x5b84</run_address>
         <size>0x28a</size>
         <input_file_ref idref="fl-cd"/>
      </object_component>
      <object_component id="oc-9d">
         <name>.debug_info</name>
         <load_address>0x5e0e</load_address>
         <run_address>0x5e0e</run_address>
         <size>0x286</size>
         <input_file_ref idref="fl-cd"/>
      </object_component>
      <object_component id="oc-ae">
         <name>.debug_info</name>
         <load_address>0x6094</load_address>
         <run_address>0x6094</run_address>
         <size>0x26c</size>
         <input_file_ref idref="fl-cd"/>
      </object_component>
      <object_component id="oc-cd">
         <name>.debug_info</name>
         <load_address>0x6300</load_address>
         <run_address>0x6300</run_address>
         <size>0x242</size>
         <input_file_ref idref="fl-cd"/>
      </object_component>
      <object_component id="oc-ba">
         <name>.debug_info</name>
         <load_address>0x6542</load_address>
         <run_address>0x6542</run_address>
         <size>0x360</size>
         <input_file_ref idref="fl-cd"/>
      </object_component>
      <object_component id="oc-177">
         <name>.debug_info</name>
         <load_address>0x68a2</load_address>
         <run_address>0x68a2</run_address>
         <size>0x1b3</size>
         <input_file_ref idref="fl-cd"/>
      </object_component>
      <object_component id="oc-126">
         <name>.debug_info</name>
         <load_address>0x6a55</load_address>
         <run_address>0x6a55</run_address>
         <size>0x18b</size>
         <input_file_ref idref="fl-cd"/>
      </object_component>
      <object_component id="oc-130">
         <name>.debug_info</name>
         <load_address>0x6be0</load_address>
         <run_address>0x6be0</run_address>
         <size>0x240</size>
         <input_file_ref idref="fl-ce"/>
      </object_component>
      <object_component id="oc-12d">
         <name>.debug_info</name>
         <load_address>0x6e20</load_address>
         <run_address>0x6e20</run_address>
         <size>0x15b</size>
         <input_file_ref idref="fl-ce"/>
      </object_component>
      <object_component id="oc-135">
         <name>.debug_info</name>
         <load_address>0x6f7b</load_address>
         <run_address>0x6f7b</run_address>
         <size>0x2b3</size>
         <input_file_ref idref="fl-ce"/>
      </object_component>
      <object_component id="oc-13b">
         <name>.debug_info</name>
         <load_address>0x722e</load_address>
         <run_address>0x722e</run_address>
         <size>0x316</size>
         <input_file_ref idref="fl-ce"/>
      </object_component>
      <object_component id="oc-85">
         <name>.debug_info</name>
         <load_address>0x7544</load_address>
         <run_address>0x7544</run_address>
         <size>0x27b</size>
         <input_file_ref idref="fl-ce"/>
      </object_component>
      <object_component id="oc-aa">
         <name>.debug_info</name>
         <load_address>0x77bf</load_address>
         <run_address>0x77bf</run_address>
         <size>0x279</size>
         <input_file_ref idref="fl-ce"/>
      </object_component>
      <object_component id="oc-7a">
         <name>.debug_info</name>
         <load_address>0x7a38</load_address>
         <run_address>0x7a38</run_address>
         <size>0x280</size>
         <input_file_ref idref="fl-ce"/>
      </object_component>
      <object_component id="oc-190">
         <name>.debug_info</name>
         <load_address>0x7cb8</load_address>
         <run_address>0x7cb8</run_address>
         <size>0x20e</size>
         <input_file_ref idref="fl-cf"/>
      </object_component>
      <object_component id="oc-18d">
         <name>.debug_info</name>
         <load_address>0x7ec6</load_address>
         <run_address>0x7ec6</run_address>
         <size>0x210</size>
         <input_file_ref idref="fl-cf"/>
      </object_component>
      <object_component id="oc-c6">
         <name>.debug_info</name>
         <load_address>0x80d6</load_address>
         <run_address>0x80d6</run_address>
         <size>0x268</size>
         <input_file_ref idref="fl-cf"/>
      </object_component>
      <object_component id="oc-12b">
         <name>.debug_info</name>
         <load_address>0x833e</load_address>
         <run_address>0x833e</run_address>
         <size>0x298</size>
         <input_file_ref idref="fl-d0"/>
      </object_component>
      <object_component id="oc-184">
         <name>.debug_info</name>
         <load_address>0x85d6</load_address>
         <run_address>0x85d6</run_address>
         <size>0x14d</size>
         <input_file_ref idref="fl-d0"/>
      </object_component>
      <object_component id="oc-142">
         <name>.debug_info</name>
         <load_address>0x8723</load_address>
         <run_address>0x8723</run_address>
         <size>0x283</size>
         <input_file_ref idref="fl-d0"/>
      </object_component>
      <object_component id="oc-73">
         <name>.debug_info</name>
         <load_address>0x89a6</load_address>
         <run_address>0x89a6</run_address>
         <size>0x27d</size>
         <input_file_ref idref="fl-d0"/>
      </object_component>
      <object_component id="oc-a3">
         <name>.debug_info</name>
         <load_address>0x8c23</load_address>
         <run_address>0x8c23</run_address>
         <size>0x2db</size>
         <input_file_ref idref="fl-d0"/>
      </object_component>
      <object_component id="oc-b5">
         <name>.debug_info</name>
         <load_address>0x8efe</load_address>
         <run_address>0x8efe</run_address>
         <size>0x2b5</size>
         <input_file_ref idref="fl-d0"/>
      </object_component>
      <object_component id="oc-1f9">
         <name>.debug_info</name>
         <load_address>0x91b3</load_address>
         <run_address>0x91b3</run_address>
         <size>0x5f</size>
         <input_file_ref idref="fl-d0"/>
      </object_component>
      <object_component id="oc-132">
         <name>.debug_info</name>
         <load_address>0x9212</load_address>
         <run_address>0x9212</run_address>
         <size>0x227</size>
         <input_file_ref idref="fl-d1"/>
      </object_component>
      <object_component id="oc-14d">
         <name>.debug_info</name>
         <load_address>0x9439</load_address>
         <run_address>0x9439</run_address>
         <size>0x247</size>
         <input_file_ref idref="fl-d1"/>
      </object_component>
      <object_component id="oc-208">
         <name>.debug_info</name>
         <load_address>0x9680</load_address>
         <run_address>0x9680</run_address>
         <size>0x249</size>
         <input_file_ref idref="fl-d1"/>
      </object_component>
      <object_component id="oc-147">
         <name>.debug_info</name>
         <load_address>0x98c9</load_address>
         <run_address>0x98c9</run_address>
         <size>0x326</size>
         <input_file_ref idref="fl-d1"/>
      </object_component>
      <object_component id="oc-7e">
         <name>.debug_info</name>
         <load_address>0x9bef</load_address>
         <run_address>0x9bef</run_address>
         <size>0x291</size>
         <input_file_ref idref="fl-d1"/>
      </object_component>
      <object_component id="oc-153">
         <name>.debug_info</name>
         <load_address>0x9e80</load_address>
         <run_address>0x9e80</run_address>
         <size>0x273</size>
         <input_file_ref idref="fl-d1"/>
      </object_component>
      <object_component id="oc-159">
         <name>.debug_info</name>
         <load_address>0xa0f3</load_address>
         <run_address>0xa0f3</run_address>
         <size>0x24d</size>
         <input_file_ref idref="fl-d1"/>
      </object_component>
      <object_component id="oc-2ab">
         <name>.debug_info</name>
         <load_address>0xa340</load_address>
         <run_address>0xa340</run_address>
         <size>0x9c</size>
      </object_component>
      <object_component id="oc-1a8">
         <name>.debug_line</name>
         <load_address>0x0</load_address>
         <run_address>0x0</run_address>
         <size>0x16b</size>
         <input_file_ref idref="fl-2"/>
      </object_component>
      <object_component id="oc-1a1">
         <name>.debug_line</name>
         <load_address>0x16b</load_address>
         <run_address>0x16b</run_address>
         <size>0x32</size>
         <input_file_ref idref="fl-2"/>
      </object_component>
      <object_component id="oc-2e">
         <name>.debug_line</name>
         <load_address>0x19d</load_address>
         <run_address>0x19d</run_address>
         <size>0xc4</size>
         <input_file_ref idref="fl-2"/>
      </object_component>
      <object_component id="oc-ee">
         <name>.debug_line</name>
         <load_address>0x261</load_address>
         <run_address>0x261</run_address>
         <size>0x55</size>
         <input_file_ref idref="fl-2"/>
      </object_component>
      <object_component id="oc-f6">
         <name>.debug_line</name>
         <load_address>0x2b6</load_address>
         <run_address>0x2b6</run_address>
         <size>0x69</size>
         <input_file_ref idref="fl-2"/>
      </object_component>
      <object_component id="oc-e9">
         <name>.debug_line</name>
         <load_address>0x31f</load_address>
         <run_address>0x31f</run_address>
         <size>0x20</size>
         <input_file_ref idref="fl-2"/>
      </object_component>
      <object_component id="oc-1a5">
         <name>.debug_line</name>
         <load_address>0x33f</load_address>
         <run_address>0x33f</run_address>
         <size>0x6d</size>
         <input_file_ref idref="fl-2"/>
      </object_component>
      <object_component id="oc-e4">
         <name>.debug_line</name>
         <load_address>0x3ac</load_address>
         <run_address>0x3ac</run_address>
         <size>0x6a</size>
         <input_file_ref idref="fl-2"/>
      </object_component>
      <object_component id="oc-174">
         <name>.debug_line</name>
         <load_address>0x416</load_address>
         <run_address>0x416</run_address>
         <size>0x65</size>
         <input_file_ref idref="fl-2"/>
      </object_component>
      <object_component id="oc-f2">
         <name>.debug_line</name>
         <load_address>0x47b</load_address>
         <run_address>0x47b</run_address>
         <size>0x41</size>
         <input_file_ref idref="fl-3"/>
      </object_component>
      <object_component id="oc-31">
         <name>.debug_line</name>
         <load_address>0x4bc</load_address>
         <run_address>0x4bc</run_address>
         <size>0x41</size>
         <input_file_ref idref="fl-3"/>
      </object_component>
      <object_component id="oc-28">
         <name>.debug_line</name>
         <load_address>0x4fd</load_address>
         <run_address>0x4fd</run_address>
         <size>0xa1</size>
         <input_file_ref idref="fl-3"/>
      </object_component>
      <object_component id="oc-3c">
         <name>.debug_line</name>
         <load_address>0x59e</load_address>
         <run_address>0x59e</run_address>
         <size>0x20</size>
         <input_file_ref idref="fl-3"/>
      </object_component>
      <object_component id="oc-221">
         <name>.debug_line</name>
         <load_address>0x5be</load_address>
         <run_address>0x5be</run_address>
         <size>0x8e</size>
         <input_file_ref idref="fl-4"/>
      </object_component>
      <object_component id="oc-214">
         <name>.debug_line</name>
         <load_address>0x64c</load_address>
         <run_address>0x64c</run_address>
         <size>0x32</size>
         <input_file_ref idref="fl-4"/>
      </object_component>
      <object_component id="oc-21f">
         <name>.debug_line</name>
         <load_address>0x67e</load_address>
         <run_address>0x67e</run_address>
         <size>0x32</size>
         <input_file_ref idref="fl-4"/>
      </object_component>
      <object_component id="oc-216">
         <name>.debug_line</name>
         <load_address>0x6b0</load_address>
         <run_address>0x6b0</run_address>
         <size>0x32</size>
         <input_file_ref idref="fl-4"/>
      </object_component>
      <object_component id="oc-212">
         <name>.debug_line</name>
         <load_address>0x6e2</load_address>
         <run_address>0x6e2</run_address>
         <size>0x32</size>
         <input_file_ref idref="fl-4"/>
      </object_component>
      <object_component id="oc-8b">
         <name>.debug_line</name>
         <load_address>0x714</load_address>
         <run_address>0x714</run_address>
         <size>0x283</size>
         <input_file_ref idref="fl-4"/>
      </object_component>
      <object_component id="oc-16b">
         <name>.debug_line</name>
         <load_address>0x997</load_address>
         <run_address>0x997</run_address>
         <size>0x5b</size>
         <input_file_ref idref="fl-bf"/>
      </object_component>
      <object_component id="oc-105">
         <name>.debug_line</name>
         <load_address>0x9f2</load_address>
         <run_address>0x9f2</run_address>
         <size>0x20</size>
         <input_file_ref idref="fl-c1"/>
      </object_component>
      <object_component id="oc-1c">
         <name>.debug_line</name>
         <load_address>0xa12</load_address>
         <run_address>0xa12</run_address>
         <size>0x55</size>
         <input_file_ref idref="fl-c1"/>
      </object_component>
      <object_component id="oc-47">
         <name>.debug_line</name>
         <load_address>0xa67</load_address>
         <run_address>0xa67</run_address>
         <size>0x3a</size>
         <input_file_ref idref="fl-c1"/>
      </object_component>
      <object_component id="oc-102">
         <name>.debug_line</name>
         <load_address>0xaa1</load_address>
         <run_address>0xaa1</run_address>
         <size>0x95</size>
         <input_file_ref idref="fl-c1"/>
      </object_component>
      <object_component id="oc-1af">
         <name>.debug_line</name>
         <load_address>0xb36</load_address>
         <run_address>0xb36</run_address>
         <size>0x20</size>
         <input_file_ref idref="fl-c2"/>
      </object_component>
      <object_component id="oc-15">
         <name>.debug_line</name>
         <load_address>0xb56</load_address>
         <run_address>0xb56</run_address>
         <size>0xa9</size>
         <input_file_ref idref="fl-c2"/>
      </object_component>
      <object_component id="oc-37">
         <name>.debug_line</name>
         <load_address>0xbff</load_address>
         <run_address>0xbff</run_address>
         <size>0x3a</size>
         <input_file_ref idref="fl-c2"/>
      </object_component>
      <object_component id="oc-1ac">
         <name>.debug_line</name>
         <load_address>0xc39</load_address>
         <run_address>0xc39</run_address>
         <size>0x9d</size>
         <input_file_ref idref="fl-c2"/>
      </object_component>
      <object_component id="oc-fb">
         <name>.debug_line</name>
         <load_address>0xcd6</load_address>
         <run_address>0xcd6</run_address>
         <size>0x99</size>
         <input_file_ref idref="fl-c2"/>
      </object_component>
      <object_component id="oc-6f">
         <name>.debug_line</name>
         <load_address>0xd6f</load_address>
         <run_address>0xd6f</run_address>
         <size>0x33</size>
         <input_file_ref idref="fl-c3"/>
      </object_component>
      <object_component id="oc-5d">
         <name>.debug_line</name>
         <load_address>0xda2</load_address>
         <run_address>0xda2</run_address>
         <size>0x56</size>
         <input_file_ref idref="fl-c3"/>
      </object_component>
      <object_component id="oc-1bb">
         <name>.debug_line</name>
         <load_address>0xdf8</load_address>
         <run_address>0xdf8</run_address>
         <size>0x3c</size>
         <input_file_ref idref="fl-c4"/>
      </object_component>
      <object_component id="oc-21b">
         <name>.debug_line</name>
         <load_address>0xe34</load_address>
         <run_address>0xe34</run_address>
         <size>0x37</size>
         <input_file_ref idref="fl-c7"/>
      </object_component>
      <object_component id="oc-42">
         <name>.debug_line</name>
         <load_address>0xe6b</load_address>
         <run_address>0xe6b</run_address>
         <size>0x88</size>
         <input_file_ref idref="fl-c9"/>
      </object_component>
      <object_component id="oc-25f">
         <name>.debug_line</name>
         <load_address>0xef3</load_address>
         <run_address>0xef3</run_address>
         <size>0xc2</size>
         <input_file_ref idref="fl-ca"/>
      </object_component>
      <object_component id="oc-1c9">
         <name>.debug_line</name>
         <load_address>0xfb5</load_address>
         <run_address>0xfb5</run_address>
         <size>0x6c</size>
         <input_file_ref idref="fl-ca"/>
      </object_component>
      <object_component id="oc-263">
         <name>.debug_line</name>
         <load_address>0x1021</load_address>
         <run_address>0x1021</run_address>
         <size>0x2e</size>
         <input_file_ref idref="fl-ca"/>
      </object_component>
      <object_component id="oc-277">
         <name>.debug_line</name>
         <load_address>0x104f</load_address>
         <run_address>0x104f</run_address>
         <size>0x9d</size>
         <input_file_ref idref="fl-ca"/>
      </object_component>
      <object_component id="oc-268">
         <name>.debug_line</name>
         <load_address>0x10ec</load_address>
         <run_address>0x10ec</run_address>
         <size>0x9a</size>
         <input_file_ref idref="fl-ca"/>
      </object_component>
      <object_component id="oc-26d">
         <name>.debug_line</name>
         <load_address>0x1186</load_address>
         <run_address>0x1186</run_address>
         <size>0x96</size>
         <input_file_ref idref="fl-ca"/>
      </object_component>
      <object_component id="oc-117">
         <name>.debug_line</name>
         <load_address>0x121c</load_address>
         <run_address>0x121c</run_address>
         <size>0x40</size>
         <input_file_ref idref="fl-cb"/>
      </object_component>
      <object_component id="oc-223">
         <name>.debug_line</name>
         <load_address>0x125c</load_address>
         <run_address>0x125c</run_address>
         <size>0x82</size>
         <input_file_ref idref="fl-cd"/>
      </object_component>
      <object_component id="oc-227">
         <name>.debug_line</name>
         <load_address>0x12de</load_address>
         <run_address>0x12de</run_address>
         <size>0x7c</size>
         <input_file_ref idref="fl-cd"/>
      </object_component>
      <object_component id="oc-99">
         <name>.debug_line</name>
         <load_address>0x135a</load_address>
         <run_address>0x135a</run_address>
         <size>0xb2</size>
         <input_file_ref idref="fl-cd"/>
      </object_component>
      <object_component id="oc-196">
         <name>.debug_line</name>
         <load_address>0x140c</load_address>
         <run_address>0x140c</run_address>
         <size>0xa2</size>
         <input_file_ref idref="fl-cd"/>
      </object_component>
      <object_component id="oc-d5">
         <name>.debug_line</name>
         <load_address>0x14ae</load_address>
         <run_address>0x14ae</run_address>
         <size>0x131</size>
         <input_file_ref idref="fl-cd"/>
      </object_component>
      <object_component id="oc-19d">
         <name>.debug_line</name>
         <load_address>0x15df</load_address>
         <run_address>0x15df</run_address>
         <size>0xa5</size>
         <input_file_ref idref="fl-cd"/>
      </object_component>
      <object_component id="oc-db">
         <name>.debug_line</name>
         <load_address>0x1684</load_address>
         <run_address>0x1684</run_address>
         <size>0x10e</size>
         <input_file_ref idref="fl-cd"/>
      </object_component>
      <object_component id="oc-93">
         <name>.debug_line</name>
         <load_address>0x1792</load_address>
         <run_address>0x1792</run_address>
         <size>0x9e</size>
         <input_file_ref idref="fl-cd"/>
      </object_component>
      <object_component id="oc-c3">
         <name>.debug_line</name>
         <load_address>0x1830</load_address>
         <run_address>0x1830</run_address>
         <size>0x91</size>
         <input_file_ref idref="fl-cd"/>
      </object_component>
      <object_component id="oc-9f">
         <name>.debug_line</name>
         <load_address>0x18c1</load_address>
         <run_address>0x18c1</run_address>
         <size>0x98</size>
         <input_file_ref idref="fl-cd"/>
      </object_component>
      <object_component id="oc-b1">
         <name>.debug_line</name>
         <load_address>0x1959</load_address>
         <run_address>0x1959</run_address>
         <size>0xa9</size>
         <input_file_ref idref="fl-cd"/>
      </object_component>
      <object_component id="oc-cc">
         <name>.debug_line</name>
         <load_address>0x1a02</load_address>
         <run_address>0x1a02</run_address>
         <size>0x91</size>
         <input_file_ref idref="fl-cd"/>
      </object_component>
      <object_component id="oc-bd">
         <name>.debug_line</name>
         <load_address>0x1a93</load_address>
         <run_address>0x1a93</run_address>
         <size>0xd0</size>
         <input_file_ref idref="fl-cd"/>
      </object_component>
      <object_component id="oc-17a">
         <name>.debug_line</name>
         <load_address>0x1b63</load_address>
         <run_address>0x1b63</run_address>
         <size>0x7c</size>
         <input_file_ref idref="fl-cd"/>
      </object_component>
      <object_component id="oc-129">
         <name>.debug_line</name>
         <load_address>0x1bdf</load_address>
         <run_address>0x1bdf</run_address>
         <size>0x69</size>
         <input_file_ref idref="fl-cd"/>
      </object_component>
      <object_component id="oc-201">
         <name>.debug_line</name>
         <load_address>0x1c48</load_address>
         <run_address>0x1c48</run_address>
         <size>0x82</size>
         <input_file_ref idref="fl-ce"/>
      </object_component>
      <object_component id="oc-1ff">
         <name>.debug_line</name>
         <load_address>0x1cca</load_address>
         <run_address>0x1cca</run_address>
         <size>0x7d</size>
         <input_file_ref idref="fl-ce"/>
      </object_component>
      <object_component id="oc-138">
         <name>.debug_line</name>
         <load_address>0x1d47</load_address>
         <run_address>0x1d47</run_address>
         <size>0x95</size>
         <input_file_ref idref="fl-ce"/>
      </object_component>
      <object_component id="oc-13e">
         <name>.debug_line</name>
         <load_address>0x1ddc</load_address>
         <run_address>0x1ddc</run_address>
         <size>0xd1</size>
         <input_file_ref idref="fl-ce"/>
      </object_component>
      <object_component id="oc-88">
         <name>.debug_line</name>
         <load_address>0x1ead</load_address>
         <run_address>0x1ead</run_address>
         <size>0x93</size>
         <input_file_ref idref="fl-ce"/>
      </object_component>
      <object_component id="oc-a8">
         <name>.debug_line</name>
         <load_address>0x1f40</load_address>
         <run_address>0x1f40</run_address>
         <size>0x93</size>
         <input_file_ref idref="fl-ce"/>
      </object_component>
      <object_component id="oc-78">
         <name>.debug_line</name>
         <load_address>0x1fd3</load_address>
         <run_address>0x1fd3</run_address>
         <size>0xa7</size>
         <input_file_ref idref="fl-ce"/>
      </object_component>
      <object_component id="oc-22b">
         <name>.debug_line</name>
         <load_address>0x207a</load_address>
         <run_address>0x207a</run_address>
         <size>0x7c</size>
         <input_file_ref idref="fl-cf"/>
      </object_component>
      <object_component id="oc-229">
         <name>.debug_line</name>
         <load_address>0x20f6</load_address>
         <run_address>0x20f6</run_address>
         <size>0x82</size>
         <input_file_ref idref="fl-cf"/>
      </object_component>
      <object_component id="oc-c9">
         <name>.debug_line</name>
         <load_address>0x2178</load_address>
         <run_address>0x2178</run_address>
         <size>0xc2</size>
         <input_file_ref idref="fl-cf"/>
      </object_component>
      <object_component id="oc-1f8">
         <name>.debug_line</name>
         <load_address>0x223a</load_address>
         <run_address>0x223a</run_address>
         <size>0x13d</size>
         <input_file_ref idref="fl-d0"/>
      </object_component>
      <object_component id="oc-225">
         <name>.debug_line</name>
         <load_address>0x2377</load_address>
         <run_address>0x2377</run_address>
         <size>0x7f</size>
         <input_file_ref idref="fl-d0"/>
      </object_component>
      <object_component id="oc-145">
         <name>.debug_line</name>
         <load_address>0x23f6</load_address>
         <run_address>0x23f6</run_address>
         <size>0x94</size>
         <input_file_ref idref="fl-d0"/>
      </object_component>
      <object_component id="oc-76">
         <name>.debug_line</name>
         <load_address>0x248a</load_address>
         <run_address>0x248a</run_address>
         <size>0x94</size>
         <input_file_ref idref="fl-d0"/>
      </object_component>
      <object_component id="oc-a6">
         <name>.debug_line</name>
         <load_address>0x251e</load_address>
         <run_address>0x251e</run_address>
         <size>0xee</size>
         <input_file_ref idref="fl-d0"/>
      </object_component>
      <object_component id="oc-b8">
         <name>.debug_line</name>
         <load_address>0x260c</load_address>
         <run_address>0x260c</run_address>
         <size>0x11a</size>
         <input_file_ref idref="fl-d0"/>
      </object_component>
      <object_component id="oc-1fc">
         <name>.debug_line</name>
         <load_address>0x2726</load_address>
         <run_address>0x2726</run_address>
         <size>0x7f</size>
         <input_file_ref idref="fl-d0"/>
      </object_component>
      <object_component id="oc-203">
         <name>.debug_line</name>
         <load_address>0x27a5</load_address>
         <run_address>0x27a5</run_address>
         <size>0x82</size>
         <input_file_ref idref="fl-d1"/>
      </object_component>
      <object_component id="oc-150">
         <name>.debug_line</name>
         <load_address>0x2827</load_address>
         <run_address>0x2827</run_address>
         <size>0x93</size>
         <input_file_ref idref="fl-d1"/>
      </object_component>
      <object_component id="oc-20b">
         <name>.debug_line</name>
         <load_address>0x28ba</load_address>
         <run_address>0x28ba</run_address>
         <size>0x96</size>
         <input_file_ref idref="fl-d1"/>
      </object_component>
      <object_component id="oc-14a">
         <name>.debug_line</name>
         <load_address>0x2950</load_address>
         <run_address>0x2950</run_address>
         <size>0xb3</size>
         <input_file_ref idref="fl-d1"/>
      </object_component>
      <object_component id="oc-81">
         <name>.debug_line</name>
         <load_address>0x2a03</load_address>
         <run_address>0x2a03</run_address>
         <size>0x92</size>
         <input_file_ref idref="fl-d1"/>
      </object_component>
      <object_component id="oc-156">
         <name>.debug_line</name>
         <load_address>0x2a95</load_address>
         <run_address>0x2a95</run_address>
         <size>0x93</size>
         <input_file_ref idref="fl-d1"/>
      </object_component>
      <object_component id="oc-15c">
         <name>.debug_line</name>
         <load_address>0x2b28</load_address>
         <run_address>0x2b28</run_address>
         <size>0x93</size>
         <input_file_ref idref="fl-d1"/>
      </object_component>
      <object_component id="oc-2f">
         <name>.debug_frame</name>
         <load_address>0x0</load_address>
         <run_address>0x0</run_address>
         <size>0x8c</size>
         <input_file_ref idref="fl-2"/>
      </object_component>
      <object_component id="oc-29">
         <name>.debug_frame</name>
         <load_address>0x8c</load_address>
         <run_address>0x8c</run_address>
         <size>0x90</size>
         <input_file_ref idref="fl-3"/>
      </object_component>
      <object_component id="oc-8a">
         <name>.debug_frame</name>
         <load_address>0x11c</load_address>
         <run_address>0x11c</run_address>
         <size>0x100</size>
         <input_file_ref idref="fl-4"/>
      </object_component>
      <object_component id="oc-1d">
         <name>.debug_frame</name>
         <load_address>0x21c</load_address>
         <run_address>0x21c</run_address>
         <size>0x54</size>
         <input_file_ref idref="fl-c1"/>
      </object_component>
      <object_component id="oc-13">
         <name>.debug_frame</name>
         <load_address>0x270</load_address>
         <run_address>0x270</run_address>
         <size>0x60</size>
         <input_file_ref idref="fl-c2"/>
      </object_component>
      <object_component id="oc-5e">
         <name>.debug_frame</name>
         <load_address>0x2d0</load_address>
         <run_address>0x2d0</run_address>
         <size>0x58</size>
         <input_file_ref idref="fl-c3"/>
      </object_component>
      <object_component id="oc-1bc">
         <name>.debug_frame</name>
         <load_address>0x328</load_address>
         <run_address>0x328</run_address>
         <size>0x54</size>
         <input_file_ref idref="fl-c4"/>
      </object_component>
      <object_component id="oc-1ca">
         <name>.debug_frame</name>
         <load_address>0x37c</load_address>
         <run_address>0x37c</run_address>
         <size>0x5c</size>
         <input_file_ref idref="fl-ca"/>
      </object_component>
      <object_component id="oc-118">
         <name>.debug_frame</name>
         <load_address>0x3d8</load_address>
         <run_address>0x3d8</run_address>
         <size>0x54</size>
         <input_file_ref idref="fl-cb"/>
      </object_component>
      <object_component id="oc-9a">
         <name>.debug_frame</name>
         <load_address>0x42c</load_address>
         <run_address>0x42c</run_address>
         <size>0x7f</size>
         <input_file_ref idref="fl-cd"/>
      </object_component>
      <object_component id="oc-197">
         <name>.debug_frame</name>
         <load_address>0x4ab</load_address>
         <run_address>0x4ab</run_address>
         <size>0x8a</size>
         <input_file_ref idref="fl-cd"/>
      </object_component>
      <object_component id="oc-d6">
         <name>.debug_frame</name>
         <load_address>0x535</load_address>
         <run_address>0x535</run_address>
         <size>0x97</size>
         <input_file_ref idref="fl-cd"/>
      </object_component>
      <object_component id="oc-19e">
         <name>.debug_frame</name>
         <load_address>0x5cc</load_address>
         <run_address>0x5cc</run_address>
         <size>0x8a</size>
         <input_file_ref idref="fl-cd"/>
      </object_component>
      <object_component id="oc-dc">
         <name>.debug_frame</name>
         <load_address>0x656</load_address>
         <run_address>0x656</run_address>
         <size>0x93</size>
         <input_file_ref idref="fl-cd"/>
      </object_component>
      <object_component id="oc-94">
         <name>.debug_frame</name>
         <load_address>0x6e9</load_address>
         <run_address>0x6e9</run_address>
         <size>0x83</size>
         <input_file_ref idref="fl-cd"/>
      </object_component>
      <object_component id="oc-c4">
         <name>.debug_frame</name>
         <load_address>0x76c</load_address>
         <run_address>0x76c</run_address>
         <size>0x7f</size>
         <input_file_ref idref="fl-cd"/>
      </object_component>
      <object_component id="oc-a0">
         <name>.debug_frame</name>
         <load_address>0x7eb</load_address>
         <run_address>0x7eb</run_address>
         <size>0x83</size>
         <input_file_ref idref="fl-cd"/>
      </object_component>
      <object_component id="oc-b2">
         <name>.debug_frame</name>
         <load_address>0x86e</load_address>
         <run_address>0x86e</run_address>
         <size>0x7f</size>
         <input_file_ref idref="fl-cd"/>
      </object_component>
      <object_component id="oc-d0">
         <name>.debug_frame</name>
         <load_address>0x8ed</load_address>
         <run_address>0x8ed</run_address>
         <size>0x7f</size>
         <input_file_ref idref="fl-cd"/>
      </object_component>
      <object_component id="oc-be">
         <name>.debug_frame</name>
         <load_address>0x96c</load_address>
         <run_address>0x96c</run_address>
         <size>0x8e</size>
         <input_file_ref idref="fl-cd"/>
      </object_component>
      <object_component id="oc-134">
         <name>.debug_frame</name>
         <load_address>0x9fa</load_address>
         <run_address>0x9fa</run_address>
         <size>0x7f</size>
         <input_file_ref idref="fl-ce"/>
      </object_component>
      <object_component id="oc-13a">
         <name>.debug_frame</name>
         <load_address>0xa79</load_address>
         <run_address>0xa79</run_address>
         <size>0x8f</size>
         <input_file_ref idref="fl-ce"/>
      </object_component>
      <object_component id="oc-84">
         <name>.debug_frame</name>
         <load_address>0xb08</load_address>
         <run_address>0xb08</run_address>
         <size>0x86</size>
         <input_file_ref idref="fl-ce"/>
      </object_component>
      <object_component id="oc-a9">
         <name>.debug_frame</name>
         <load_address>0xb8e</load_address>
         <run_address>0xb8e</run_address>
         <size>0x86</size>
         <input_file_ref idref="fl-ce"/>
      </object_component>
      <object_component id="oc-79">
         <name>.debug_frame</name>
         <load_address>0xc14</load_address>
         <run_address>0xc14</run_address>
         <size>0x86</size>
         <input_file_ref idref="fl-ce"/>
      </object_component>
      <object_component id="oc-ca">
         <name>.debug_frame</name>
         <load_address>0xc9a</load_address>
         <run_address>0xc9a</run_address>
         <size>0x7f</size>
         <input_file_ref idref="fl-cf"/>
      </object_component>
      <object_component id="oc-141">
         <name>.debug_frame</name>
         <load_address>0xd19</load_address>
         <run_address>0xd19</run_address>
         <size>0x7f</size>
         <input_file_ref idref="fl-d0"/>
      </object_component>
      <object_component id="oc-72">
         <name>.debug_frame</name>
         <load_address>0xd98</load_address>
         <run_address>0xd98</run_address>
         <size>0x7f</size>
         <input_file_ref idref="fl-d0"/>
      </object_component>
      <object_component id="oc-a2">
         <name>.debug_frame</name>
         <load_address>0xe17</load_address>
         <run_address>0xe17</run_address>
         <size>0x93</size>
         <input_file_ref idref="fl-d0"/>
      </object_component>
      <object_component id="oc-b4">
         <name>.debug_frame</name>
         <load_address>0xeaa</load_address>
         <run_address>0xeaa</run_address>
         <size>0x8e</size>
         <input_file_ref idref="fl-d0"/>
      </object_component>
      <object_component id="oc-151">
         <name>.debug_frame</name>
         <load_address>0xf38</load_address>
         <run_address>0xf38</run_address>
         <size>0x7f</size>
         <input_file_ref idref="fl-d1"/>
      </object_component>
      <object_component id="oc-20c">
         <name>.debug_frame</name>
         <load_address>0xfb7</load_address>
         <run_address>0xfb7</run_address>
         <size>0x7f</size>
         <input_file_ref idref="fl-d1"/>
      </object_component>
      <object_component id="oc-14b">
         <name>.debug_frame</name>
         <load_address>0x1036</load_address>
         <run_address>0x1036</run_address>
         <size>0x8a</size>
         <input_file_ref idref="fl-d1"/>
      </object_component>
      <object_component id="oc-82">
         <name>.debug_frame</name>
         <load_address>0x10c0</load_address>
         <run_address>0x10c0</run_address>
         <size>0x7f</size>
         <input_file_ref idref="fl-d1"/>
      </object_component>
      <object_component id="oc-157">
         <name>.debug_frame</name>
         <load_address>0x113f</load_address>
         <run_address>0x113f</run_address>
         <size>0x7f</size>
         <input_file_ref idref="fl-d1"/>
      </object_component>
      <object_component id="oc-15d">
         <name>.debug_frame</name>
         <load_address>0x11be</load_address>
         <run_address>0x11be</run_address>
         <size>0x7f</size>
         <input_file_ref idref="fl-d1"/>
      </object_component>
      <object_component id="oc-1a7">
         <name>.debug_abbrev</name>
         <load_address>0x0</load_address>
         <run_address>0x0</run_address>
         <size>0xbf</size>
         <input_file_ref idref="fl-2"/>
      </object_component>
      <object_component id="oc-1a0">
         <name>.debug_abbrev</name>
         <load_address>0xbf</load_address>
         <run_address>0xbf</run_address>
         <size>0x29</size>
         <input_file_ref idref="fl-2"/>
      </object_component>
      <object_component id="oc-e0">
         <name>.debug_abbrev</name>
         <load_address>0xe8</load_address>
         <run_address>0xe8</run_address>
         <size>0xa6</size>
         <input_file_ref idref="fl-2"/>
      </object_component>
      <object_component id="oc-ed">
         <name>.debug_abbrev</name>
         <load_address>0x18e</load_address>
         <run_address>0x18e</run_address>
         <size>0x96</size>
         <input_file_ref idref="fl-2"/>
      </object_component>
      <object_component id="oc-f5">
         <name>.debug_abbrev</name>
         <load_address>0x224</load_address>
         <run_address>0x224</run_address>
         <size>0x69</size>
         <input_file_ref idref="fl-2"/>
      </object_component>
      <object_component id="oc-e8">
         <name>.debug_abbrev</name>
         <load_address>0x28d</load_address>
         <run_address>0x28d</run_address>
         <size>0x1f</size>
         <input_file_ref idref="fl-2"/>
      </object_component>
      <object_component id="oc-1a4">
         <name>.debug_abbrev</name>
         <load_address>0x2ac</load_address>
         <run_address>0x2ac</run_address>
         <size>0x5c</size>
         <input_file_ref idref="fl-2"/>
      </object_component>
      <object_component id="oc-e3">
         <name>.debug_abbrev</name>
         <load_address>0x308</load_address>
         <run_address>0x308</run_address>
         <size>0x24</size>
         <input_file_ref idref="fl-2"/>
      </object_component>
      <object_component id="oc-173">
         <name>.debug_abbrev</name>
         <load_address>0x32c</load_address>
         <run_address>0x32c</run_address>
         <size>0x24</size>
         <input_file_ref idref="fl-2"/>
      </object_component>
      <object_component id="oc-f1">
         <name>.debug_abbrev</name>
         <load_address>0x350</load_address>
         <run_address>0x350</run_address>
         <size>0x7c</size>
         <input_file_ref idref="fl-3"/>
      </object_component>
      <object_component id="oc-30">
         <name>.debug_abbrev</name>
         <load_address>0x3cc</load_address>
         <run_address>0x3cc</run_address>
         <size>0x29</size>
         <input_file_ref idref="fl-3"/>
      </object_component>
      <object_component id="oc-70">
         <name>.debug_abbrev</name>
         <load_address>0x3f5</load_address>
         <run_address>0x3f5</run_address>
         <size>0x79</size>
         <input_file_ref idref="fl-3"/>
      </object_component>
      <object_component id="oc-3b">
         <name>.debug_abbrev</name>
         <load_address>0x46e</load_address>
         <run_address>0x46e</run_address>
         <size>0x1f</size>
         <input_file_ref idref="fl-3"/>
      </object_component>
      <object_component id="oc-220">
         <name>.debug_abbrev</name>
         <load_address>0x48d</load_address>
         <run_address>0x48d</run_address>
         <size>0xc2</size>
         <input_file_ref idref="fl-4"/>
      </object_component>
      <object_component id="oc-213">
         <name>.debug_abbrev</name>
         <load_address>0x54f</load_address>
         <run_address>0x54f</run_address>
         <size>0x27</size>
         <input_file_ref idref="fl-4"/>
      </object_component>
      <object_component id="oc-21e">
         <name>.debug_abbrev</name>
         <load_address>0x576</load_address>
         <run_address>0x576</run_address>
         <size>0x27</size>
         <input_file_ref idref="fl-4"/>
      </object_component>
      <object_component id="oc-215">
         <name>.debug_abbrev</name>
         <load_address>0x59d</load_address>
         <run_address>0x59d</run_address>
         <size>0x27</size>
         <input_file_ref idref="fl-4"/>
      </object_component>
      <object_component id="oc-211">
         <name>.debug_abbrev</name>
         <load_address>0x5c4</load_address>
         <run_address>0x5c4</run_address>
         <size>0x27</size>
         <input_file_ref idref="fl-4"/>
      </object_component>
      <object_component id="oc-16f">
         <name>.debug_abbrev</name>
         <load_address>0x5eb</load_address>
         <run_address>0x5eb</run_address>
         <size>0xba</size>
         <input_file_ref idref="fl-4"/>
      </object_component>
      <object_component id="oc-21c">
         <name>.debug_abbrev</name>
         <load_address>0x6a5</load_address>
         <run_address>0x6a5</run_address>
         <size>0x4a</size>
         <input_file_ref idref="fl-bf"/>
      </object_component>
      <object_component id="oc-104">
         <name>.debug_abbrev</name>
         <load_address>0x6ef</load_address>
         <run_address>0x6ef</run_address>
         <size>0x37</size>
         <input_file_ref idref="fl-c1"/>
      </object_component>
      <object_component id="oc-43">
         <name>.debug_abbrev</name>
         <load_address>0x726</load_address>
         <run_address>0x726</run_address>
         <size>0x74</size>
         <input_file_ref idref="fl-c1"/>
      </object_component>
      <object_component id="oc-46">
         <name>.debug_abbrev</name>
         <load_address>0x79a</load_address>
         <run_address>0x79a</run_address>
         <size>0x24</size>
         <input_file_ref idref="fl-c1"/>
      </object_component>
      <object_component id="oc-101">
         <name>.debug_abbrev</name>
         <load_address>0x7be</load_address>
         <run_address>0x7be</run_address>
         <size>0x24</size>
         <input_file_ref idref="fl-c1"/>
      </object_component>
      <object_component id="oc-1ae">
         <name>.debug_abbrev</name>
         <load_address>0x7e2</load_address>
         <run_address>0x7e2</run_address>
         <size>0x37</size>
         <input_file_ref idref="fl-c2"/>
      </object_component>
      <object_component id="oc-33">
         <name>.debug_abbrev</name>
         <load_address>0x819</load_address>
         <run_address>0x819</run_address>
         <size>0x6f</size>
         <input_file_ref idref="fl-c2"/>
      </object_component>
      <object_component id="oc-36">
         <name>.debug_abbrev</name>
         <load_address>0x888</load_address>
         <run_address>0x888</run_address>
         <size>0x24</size>
         <input_file_ref idref="fl-c2"/>
      </object_component>
      <object_component id="oc-1ab">
         <name>.debug_abbrev</name>
         <load_address>0x8ac</load_address>
         <run_address>0x8ac</run_address>
         <size>0x35</size>
         <input_file_ref idref="fl-c2"/>
      </object_component>
      <object_component id="oc-fa">
         <name>.debug_abbrev</name>
         <load_address>0x8e1</load_address>
         <run_address>0x8e1</run_address>
         <size>0x24</size>
         <input_file_ref idref="fl-c2"/>
      </object_component>
      <object_component id="oc-6e">
         <name>.debug_abbrev</name>
         <load_address>0x905</load_address>
         <run_address>0x905</run_address>
         <size>0x29</size>
         <input_file_ref idref="fl-c3"/>
      </object_component>
      <object_component id="oc-11c">
         <name>.debug_abbrev</name>
         <load_address>0x92e</load_address>
         <run_address>0x92e</run_address>
         <size>0x61</size>
         <input_file_ref idref="fl-c3"/>
      </object_component>
      <object_component id="oc-22e">
         <name>.debug_abbrev</name>
         <load_address>0x98f</load_address>
         <run_address>0x98f</run_address>
         <size>0x45</size>
         <input_file_ref idref="fl-c4"/>
      </object_component>
      <object_component id="oc-24f">
         <name>.debug_abbrev</name>
         <load_address>0x9d4</load_address>
         <run_address>0x9d4</run_address>
         <size>0x38</size>
         <input_file_ref idref="fl-c7"/>
      </object_component>
      <object_component id="oc-fe">
         <name>.debug_abbrev</name>
         <load_address>0xa0c</load_address>
         <run_address>0xa0c</run_address>
         <size>0x3e</size>
         <input_file_ref idref="fl-c9"/>
      </object_component>
      <object_component id="oc-25e">
         <name>.debug_abbrev</name>
         <load_address>0xa4a</load_address>
         <run_address>0xa4a</run_address>
         <size>0xdb</size>
         <input_file_ref idref="fl-ca"/>
      </object_component>
      <object_component id="oc-238">
         <name>.debug_abbrev</name>
         <load_address>0xb25</load_address>
         <run_address>0xb25</run_address>
         <size>0x7e</size>
         <input_file_ref idref="fl-ca"/>
      </object_component>
      <object_component id="oc-262">
         <name>.debug_abbrev</name>
         <load_address>0xba3</load_address>
         <run_address>0xba3</run_address>
         <size>0x24</size>
         <input_file_ref idref="fl-ca"/>
      </object_component>
      <object_component id="oc-276">
         <name>.debug_abbrev</name>
         <load_address>0xbc7</load_address>
         <run_address>0xbc7</run_address>
         <size>0x24</size>
         <input_file_ref idref="fl-ca"/>
      </object_component>
      <object_component id="oc-267">
         <name>.debug_abbrev</name>
         <load_address>0xbeb</load_address>
         <run_address>0xbeb</run_address>
         <size>0x24</size>
         <input_file_ref idref="fl-ca"/>
      </object_component>
      <object_component id="oc-26c">
         <name>.debug_abbrev</name>
         <load_address>0xc0f</load_address>
         <run_address>0xc0f</run_address>
         <size>0x4b</size>
         <input_file_ref idref="fl-ca"/>
[...]
            <object_component_ref idref="oc-116"/>
            <object_component_ref idref="oc-97"/>
            <object_component_ref idref="oc-194"/>
            <object_component_ref idref="oc-d3"/>
            <object_component_ref idref="oc-19b"/>
            <object_component_ref idref="oc-d9"/>
            <object_component_ref idref="oc-90"/>
            <object_component_ref idref="oc-c0"/>
            <object_component_ref idref="oc-9c"/>
            <object_component_ref idref="oc-af"/>
            <object_component_ref idref="oc-cf"/>
            <object_component_ref idref="oc-bb"/>
            <object_component_ref idref="oc-136"/>
            <object_component_ref idref="oc-13c"/>
            <object_component_ref idref="oc-86"/>
            <object_component_ref idref="oc-ab"/>
            <object_component_ref idref="oc-7b"/>
            <object_component_ref idref="oc-c8"/>
            <object_component_ref idref="oc-143"/>
            <object_component_ref idref="oc-74"/>
            <object_component_ref idref="oc-a4"/>
            <object_component_ref idref="oc-b6"/>
            <object_component_ref idref="oc-14e"/>
            <object_component_ref idref="oc-209"/>
            <object_component_ref idref="oc-148"/>
            <object_component_ref idref="oc-7f"/>
            <object_component_ref idref="oc-154"/>
            <object_component_ref idref="oc-15a"/>
         </contents>
      </logical_group>
      <logical_group id="lg-29b" display="never" color="cyan">
         <name>.debug_pubnames</name>
         <load_address>0x0</load_address>
         <run_address>0x0</run_address>
         <size>0x830</size>
         <contents>
            <object_component_ref idref="oc-df"/>
            <object_component_ref idref="oc-2d"/>
            <object_component_ref idref="oc-11"/>
            <object_component_ref idref="oc-27"/>
            <object_component_ref idref="oc-163"/>
            <object_component_ref idref="oc-16e"/>
            <object_component_ref idref="oc-166"/>
            <object_component_ref idref="oc-160"/>
            <object_component_ref idref="oc-8d"/>
            <object_component_ref idref="oc-16a"/>
            <object_component_ref idref="oc-1a"/>
            <object_component_ref idref="oc-17"/>
            <object_component_ref idref="oc-23"/>
            <object_component_ref idref="oc-61"/>
            <object_component_ref idref="oc-1be"/>
            <object_component_ref idref="oc-21a"/>
            <object_component_ref idref="oc-40"/>
            <object_component_ref idref="oc-1c8"/>
            <object_component_ref idref="oc-115"/>
            <object_component_ref idref="oc-189"/>
            <object_component_ref idref="oc-98"/>
            <object_component_ref idref="oc-195"/>
            <object_component_ref idref="oc-d4"/>
            <object_component_ref idref="oc-19c"/>
            <object_component_ref idref="oc-da"/>
            <object_component_ref idref="oc-92"/>
            <object_component_ref idref="oc-c2"/>
            <object_component_ref idref="oc-9e"/>
            <object_component_ref idref="oc-b0"/>
            <object_component_ref idref="oc-ce"/>
            <object_component_ref idref="oc-bc"/>
            <object_component_ref idref="oc-12e"/>
            <object_component_ref idref="oc-137"/>
            <object_component_ref idref="oc-13d"/>
            <object_component_ref idref="oc-87"/>
            <object_component_ref idref="oc-ac"/>
            <object_component_ref idref="oc-7c"/>
            <object_component_ref idref="oc-18e"/>
            <object_component_ref idref="oc-c7"/>
            <object_component_ref idref="oc-185"/>
            <object_component_ref idref="oc-144"/>
            <object_component_ref idref="oc-75"/>
            <object_component_ref idref="oc-a5"/>
            <object_component_ref idref="oc-b7"/>
            <object_component_ref idref="oc-14f"/>
            <object_component_ref idref="oc-20a"/>
            <object_component_ref idref="oc-149"/>
            <object_component_ref idref="oc-80"/>
            <object_component_ref idref="oc-155"/>
            <object_component_ref idref="oc-15b"/>
         </contents>
      </logical_group>
      <logical_group id="lg-29d" display="never" color="cyan">
         <name>.debug_pubtypes</name>
         <load_address>0x0</load_address>
         <run_address>0x0</run_address>
         <size>0xd12</size>
         <contents>
            <object_component_ref idref="oc-ec"/>
            <object_component_ref idref="oc-f4"/>
            <object_component_ref idref="oc-e7"/>
            <object_component_ref idref="oc-1a3"/>
            <object_component_ref idref="oc-e2"/>
            <object_component_ref idref="oc-172"/>
            <object_component_ref idref="oc-3a"/>
            <object_component_ref idref="oc-45"/>
            <object_component_ref idref="oc-100"/>
            <object_component_ref idref="oc-35"/>
            <object_component_ref idref="oc-1aa"/>
            <object_component_ref idref="oc-f9"/>
            <object_component_ref idref="oc-261"/>
            <object_component_ref idref="oc-275"/>
            <object_component_ref idref="oc-266"/>
            <object_component_ref idref="oc-26b"/>
            <object_component_ref idref="oc-178"/>
            <object_component_ref idref="oc-127"/>
            <object_component_ref idref="oc-1fa"/>
         </contents>
      </logical_group>
      <load_segment id="lg-2b2" display="no" color="cyan">
         <name>SEGMENT_0</name>
         <load_address>0x0</load_address>
         <run_address>0x0</run_address>
         <size>0x15d0</size>
         <flags>0x5</flags>
         <contents>
            <logical_group_ref idref="lg-3"/>
            <logical_group_ref idref="lg-4"/>
            <logical_group_ref idref="lg-5"/>
            <logical_group_ref idref="lg-6"/>
         </contents>
      </load_segment>
      <load_segment id="lg-2b3" display="no" color="cyan">
         <name>SEGMENT_1</name>
         <run_address>0x20000000</run_address>
         <size>0x20d</size>
         <flags>0x6</flags>
         <contents>
            <logical_group_ref idref="lg-d"/>
            <logical_group_ref idref="lg-a"/>
         </contents>
      </load_segment>
   </logical_group_list>
   <placement_map>
      <memory_area display="yes" color="green">
         <name>FLASH</name>
         <page_id>0x0</page_id>
         <origin>0x0</origin>
         <length>0x10000</length>
         <used_space>0x15d0</used_space>
         <unused_space>0xea30</unused_space>
         <attributes>RX</attributes>
         <usage_details>
            <allocated_space>
               <start_address>0x0</start_address>
               <size>0x26c</size>
               <logical_group_ref idref="lg-3"/>
            </allocated_space>
            <allocated_space>
               <start_address>0x26c</start_address>
               <size>0x1190</size>
               <logical_group_ref idref="lg-4"/>
            </allocated_space>
            <allocated_space>
               <start_address>0x13fc</start_address>
               <size>0x1bc</size>
               <logical_group_ref idref="lg-5"/>
            </allocated_space>
            <allocated_space>
               <start_address>0x15b8</start_address>
               <size>0x18</size>
               <logical_group_ref idref="lg-6"/>
            </allocated_space>
            <available_space>
               <start_address>0x15d0</start_address>
               <size>0xea30</size>
            </available_space>
         </usage_details>
      </memory_area>
      <memory_area display="yes" color="green">
         <name>SRAM</name>
         <page_id>0x0</page_id>
         <origin>0x20000000</origin>
         <length>0x6000</length>
         <used_space>0x20d</used_space>
         <unused_space>0x5df3</unused_space>
         <attributes>RWX</attributes>
         <usage_details>
            <allocated_space>
               <start_address>0x20000000</start_address>
               <size>0x200</size>
               <logical_group_ref idref="lg-d"/>
            </allocated_space>
            <allocated_space>
               <start_address>0x20000200</start_address>
               <size>0xd</size>
               <logical_group_ref idref="lg-a"/>
            </allocated_space>
            <available_space>
               <start_address>0x2000020d</start_address>
               <size>0x5df3</size>
            </available_space>
         </usage_details>
      </memory_area>
   </placement_map>
   <cptbl_list>
      <cptbl>
         <name>__TI_cinit_table</name>
         <cprec>
            <name>.data</name>
            <load_address>0x15c0</load_address>
            <load_size>0x7</load_size>
            <run_address>0x20000200</run_address>
            <run_size>0xd</run_size>
            <compression>lzss</compression>
         </cprec>
      </cptbl>
   </cptbl_list>
   <handler_table>
      <handler_table_name>__TI_handler_table</handler_table_name>
      <handler>
         <index>0x0</index>
         <name>__TI_decompress_lzss</name>
      </handler>
      <handler>
         <index>0x1</index>
         <name>__TI_decompress_none</name>
      </handler>
   </handler_table>
   <symbol_table>
      <symbol id="sm-1">
         <name>__STACK_TOP</name>
         <value>0x20000200</value>
      </symbol>
      <symbol id="sm-2">
         <name>__TI_CINIT_Base</name>
         <value>0x15c8</value>
      </symbol>
      <symbol id="sm-3">
         <name>__TI_CINIT_Limit</name>
         <value>0x15d0</value>
      </symbol>
      <symbol id="sm-4">
         <name>__TI_Handler_Table_Base</name>
         <value>0x15b8</value>
      </symbol>
      <symbol id="sm-5">
         <name>__TI_Handler_Table_Limit</name>
         <value>0x15c0</value>
      </symbol>
      <symbol id="sm-6">
         <name>binit</name>
         <value>0xffffffff</value>
      </symbol>
      <symbol id="sm-7">
         <name>__binit__</name>
         <value>0xffffffff</value>
      </symbol>
      <symbol id="sm-8">
         <name>__STACK_SIZE</name>
         <value>0x200</value>
      </symbol>
      <symbol id="sm-9">
         <name>__STACK_END</name>
         <value>0x20000200</value>
      </symbol>
      <symbol id="sm-a">
         <name>__c_args__</name>
         <value>0xffffffff</value>
      </symbol>
      <symbol id="sm-b">
         <name>__TI_pprof_out_hndl</name>
         <value>0xffffffff</value>
      </symbol>
      <symbol id="sm-c">
         <name>__TI_prof_data_start</name>
         <value>0xffffffff</value>
      </symbol>
      <symbol id="sm-d">
         <name>__TI_prof_data_size</name>
         <value>0xffffffff</value>
      </symbol>
      <symbol id="sm-73">
         <name>g_ui32MsgCount</name>
         <value>0x20000200</value>
         <object_component_ref idref="oc-dd"/>
      </symbol>
      <symbol id="sm-74">
         <name>main</name>
         <value>0x791</value>
         <object_component_ref idref="oc-2a"/>
      </symbol>
      <symbol id="sm-75">
         <name>InitConsole</name>
         <value>0x709</value>
         <object_component_ref idref="oc-2a"/>
      </symbol>
      <symbol id="sm-76">
         <name>CANIntHandler</name>
         <value>0x745</value>
         <object_component_ref idref="oc-2a"/>
      </symbol>
      <symbol id="sm-77">
         <name>g_bRXFlag</name>
         <value>0x20000204</value>
         <object_component_ref idref="oc-dd"/>
      </symbol>
      <symbol id="sm-78">
         <name>g_bErrFlag</name>
         <value>0x20000205</value>
         <object_component_ref idref="oc-dd"/>
      </symbol>
      <symbol id="sm-99">
         <name>ResetISR</name>
         <value>0x13b7</value>
         <object_component_ref idref="oc-24"/>
      </symbol>
      <symbol id="sm-9a">
         <name>g_pfnVectors</name>
         <value>0x0</value>
         <object_component_ref idref="oc-f"/>
      </symbol>
      <symbol id="sm-109">
         <name>UARTgetc</name>
         <value>0x3b3</value>
         <object_component_ref idref="oc-89"/>
      </symbol>
      <symbol id="sm-10a">
         <name>UARTgets</name>
         <value>0x2f9</value>
         <object_component_ref idref="oc-89"/>
      </symbol>
      <symbol id="sm-10b">
         <name>UARTStdioConfig</name>
         <value>0x26d</value>
         <object_component_ref idref="oc-89"/>
      </symbol>
      <symbol id="sm-10c">
         <name>UARTwrite</name>
         <value>0x2b3</value>
         <object_component_ref idref="oc-89"/>
      </symbol>
      <symbol id="sm-10d">
         <name>UARTprintf</name>
         <value>0x6d3</value>
         <object_component_ref idref="oc-89"/>
      </symbol>
      <symbol id="sm-10e">
         <name>UARTvprintf</name>
         <value>0x3d9</value>
         <object_component_ref idref="oc-89"/>
      </symbol>
      <symbol id="sm-11d">
         <name>__aeabi_uidivmod</name>
         <value>0x1175</value>
         <object_component_ref idref="oc-167"/>
      </symbol>
      <symbol id="sm-11e">
         <name>__aeabi_uidiv</name>
         <value>0x1175</value>
         <object_component_ref idref="oc-167"/>
      </symbol>
      <symbol id="sm-136">
         <name>__TI_decompress_none</name>
         <value>0x13a9</value>
         <object_component_ref idref="oc-18"/>
      </symbol>
      <symbol id="sm-159">
         <name>__TI_decompress_lzss</name>
         <value>0xff9</value>
         <object_component_ref idref="oc-12"/>
      </symbol>
      <symbol id="sm-16c">
         <name>__stack</name>
         <value>0x20000000</value>
         <object_component_ref idref="oc-21"/>
      </symbol>
      <symbol id="sm-16d">
         <name>_c_int00_noargs</name>
         <value>0x1229</value>
         <object_component_ref idref="oc-5c"/>
      </symbol>
      <symbol id="sm-178">
         <name>C$$EXIT</name>
         <value>0x13f9</value>
         <object_component_ref idref="oc-1b9"/>
      </symbol>
      <symbol id="sm-179">
         <name>abort</name>
         <value>0x13f9</value>
         <object_component_ref idref="oc-1b9"/>
      </symbol>
      <symbol id="sm-185">
         <name>__aeabi_idiv0</name>
         <value>0xd93</value>
         <object_component_ref idref="oc-217"/>
      </symbol>
      <symbol id="sm-186">
         <name>__aeabi_ldiv0</name>
         <value>0xd93</value>
         <object_component_ref idref="oc-217"/>
      </symbol>
      <symbol id="sm-1a2">
         <name>memcpy</name>
         <value>0xe89</value>
         <object_component_ref idref="oc-3e"/>
      </symbol>
      <symbol id="sm-1a3">
         <name>__aeabi_memcpy</name>
         <value>0xe89</value>
         <object_component_ref idref="oc-3e"/>
      </symbol>
      <symbol id="sm-1a4">
         <name>__aeabi_memcpy8</name>
         <value>0xe89</value>
         <object_component_ref idref="oc-3e"/>
      </symbol>
      <symbol id="sm-1a5">
         <name>__aeabi_memcpy4</name>
         <value>0xe89</value>
         <object_component_ref idref="oc-3e"/>
      </symbol>
      <symbol id="sm-1cd">
         <name>__TI_auto_init_nobinit_nopinit</name>
         <value>0x10f1</value>
         <object_component_ref idref="oc-1c5"/>
      </symbol>
      <symbol id="sm-1d7">
         <name>_system_pre_init</name>
         <value>0x13f5</value>
         <object_component_ref idref="oc-113"/>
      </symbol>
      <symbol id="sm-27f">
         <name>CANMessageGet</name>
         <value>0xc85</value>
         <object_component_ref idref="oc-d7"/>
      </symbol>
      <symbol id="sm-280">
         <name>CANBitRateSet</name>
         <value>0xf25</value>
         <object_component_ref idref="oc-b9"/>
      </symbol>
      <symbol id="sm-281">
         <name>CANEnable</name>
         <value>0x13c3</value>
         <object_component_ref idref="oc-cb"/>
      </symbol>
      <symbol id="sm-282">
         <name>CANStatusGet</name>
         <value>0x1135</value>
         <object_component_ref idref="oc-95"/>
      </symbol>
      <symbol id="sm-283">
         <name>CANMessageSet</name>
         <value>0x90d</value>
         <object_component_ref idref="oc-d1"/>
      </symbol>
      <symbol id="sm-284">
         <name>CANIntClear</name>
         <value>0x130d</value>
         <object_component_ref idref="oc-9b"/>
      </symbol>
      <symbol id="sm-285">
         <name>CANIntStatus</name>
         <value>0x132f</value>
         <object_component_ref idref="oc-8f"/>
      </symbol>
      <symbol id="sm-286">
         <name>CANInit</name>
         <value>0x11b5</value>
         <object_component_ref idref="oc-ad"/>
      </symbol>
      <symbol id="sm-287">
         <name>CANIntEnable</name>
         <value>0x13e1</value>
         <object_component_ref idref="oc-bf"/>
      </symbol>
      <symbol id="sm-2c1">
         <name>GPIOPinConfigure</name>
         <value>0x1061</value>
         <object_component_ref idref="oc-77"/>
      </symbol>
      <symbol id="sm-2c2">
         <name>GPIOPinTypeUART</name>
         <value>0x1397</value>
         <object_component_ref idref="oc-83"/>
      </symbol>
      <symbol id="sm-2c3">
         <name>GPIODirModeSet</name>
         <value>0x1295</value>
         <object_component_ref idref="oc-133"/>
      </symbol>
      <symbol id="sm-2c4">
         <name>GPIOPadConfigSet</name>
         <value>0xa43</value>
         <object_component_ref idref="oc-139"/>
      </symbol>
      <symbol id="sm-2c5">
         <name>GPIOPinTypeCAN</name>
         <value>0x1385</value>
         <object_component_ref idref="oc-a7"/>
      </symbol>
      <symbol id="sm-2ec">
         <name>IntEnable</name>
         <value>0xf91</value>
         <object_component_ref idref="oc-c5"/>
      </symbol>
      <symbol id="sm-349">
         <name>SysCtlPeripheralPresent</name>
         <value>0x11f1</value>
         <object_component_ref idref="oc-140"/>
      </symbol>
      <symbol id="sm-34a">
         <name>SysCtlClockSet</name>
         <value>0xd95</value>
         <object_component_ref idref="oc-a1"/>
      </symbol>
      <symbol id="sm-34b">
         <name>SysCtlDelay</name>
         <value>0x13e9</value>
         <object_component_ref idref="oc-17f"/>
      </symbol>
      <symbol id="sm-34c">
         <name>SysCtlPeripheralEnable</name>
         <value>0x1261</value>
         <object_component_ref idref="oc-71"/>
      </symbol>
      <symbol id="sm-34d">
         <name>SysCtlClockGet</name>
         <value>0xb75</value>
         <object_component_ref idref="oc-b3"/>
      </symbol>
      <symbol id="sm-388">
         <name>UARTConfigSetExpClk</name>
         <value>0x10a9</value>
         <object_component_ref idref="oc-146"/>
      </symbol>
      <symbol id="sm-389">
         <name>UARTDisable</name>
         <value>0x1351</value>
         <object_component_ref idref="oc-207"/>
      </symbol>
      <symbol id="sm-38a">
         <name>UARTClockSourceSet</name>
         <value>0x13ef</value>
         <object_component_ref idref="oc-7d"/>
      </symbol>
      <symbol id="sm-38b">
         <name>UARTCharPut</name>
         <value>0x13d7</value>
         <object_component_ref idref="oc-152"/>
      </symbol>
      <symbol id="sm-38c">
         <name>UARTEnable</name>
         <value>0x1371</value>
         <object_component_ref idref="oc-14c"/>
      </symbol>
      <symbol id="sm-38d">
         <name>UARTCharGet</name>
         <value>0x13cd</value>
         <object_component_ref idref="oc-158"/>
      </symbol>
      <symbol id="sm-38f">
         <name>__TI_static_base__</name>
         <value>0x0</value>
      </symbol>
      <symbol id="sm-392">
         <name>__mpu_init</name>
         <value>0x0</value>
      </symbol>
      <symbol id="sm-393">
         <name>_system_post_cinit</name>
         <value>0x0</value>
      </symbol>
   </symbol_table>
   <title>Link successful</title>
</link_info>
