******************************************************************************
                  TI ARM Linker PC v16.9.6                     
******************************************************************************
>> Linked Fri Jan 26 14:44:18 2018

OUTPUT FILE NAME:   <CAN_simple_RX.out>
ENTRY POINT SYMBOL: "_c_int00"  address: 000010dd


MEMORY CONFIGURATION

         name            origin    length      used     unused   attr    fill
----------------------  --------  ---------  --------  --------  ----  --------
  FLASH                 00000000   00010000  000016f6  0000e90a  R  X
  SRAM                  20000000   00006000  00000228  00005dd8  RW X


SEGMENT ALLOCATION MAP

run origin  load origin   length   init length attrs members
----------  ----------- ---------- ----------- ----- -------
00000000    00000000    000016fc   000016fc    r-x
  00000000    00000000    0000026c   0000026c    r-- .intvecs
  0000026c    0000026c    000012aa   000012aa    r-x .text
  00001518    00001518    000001bc   000001bc    r-- .const
  000016d8    000016d8    00000024   00000024    r-- .cinit
20000000    20000000    00000228   00000000    rw-
  20000000    20000000    00000200   00000000    rw- .stack
  20000200    20000200    00000028   00000000    rw- .data


SECTION ALLOCATION MAP

 output                                  attributes/
section   page    origin      length       input sections
--------  ----  ----------  ----------   ----------------
.intvecs   0    00000000    0000026c     
                  00000000    0000026c     tm4c1237d5pz_startup_ccs.obj (.intvecs)

.text      0    0000026c    000012aa     
                  0000026c    0000049c     uartstdio.obj (.text)
                  00000708    00000210     simple_rx.obj (.text)
                  00000918    00000136     driverlib.lib : can.obj (.text:CANMessageSet)
                  00000a4e    00000132                   : gpio.obj (.text:GPIOPadConfigSet)
                  00000b80    00000110                   : sysctl.obj (.text:SysCtlClockGet)
                  00000c90    0000010e                   : can.obj (.text:CANMessageGet)
                  00000d9e    00000002     rtsv7M4_T_le_v4SPD16_eabi.lib : i_div0.obj (.text)
                  00000da0    000000f4     driverlib.lib : sysctl.obj (.text:SysCtlClockSet)
                  00000e94    0000009c     rtsv7M4_T_le_v4SPD16_eabi.lib : memcpy_t2.obj (.text)
                  00000f30    00000070                                   : autoinit.obj (.text)
                  00000fa0    0000006c     driverlib.lib : can.obj (.text:CANBitRateSet)
                  0000100c    00000068                   : interrupt.obj (.text:IntEnable)
                  00001074    00000068     rtsv7M4_T_le_v4SPD16_eabi.lib : copy_decompress_lzss.obj (.text:decompress:lzss)
                  000010dc    00000054                                   : boot.obj (.text)
                  00001130    00000054                                   : exit.obj (.text)
                  00001184    0000004c                                   : cpy_tbl.obj (.text)
                  000011d0    00000048     driverlib.lib : gpio.obj (.text:GPIOPinConfigure)
                  00001218    00000046                   : uart.obj (.text:UARTConfigSetExpClk)
                  0000125e    00000040                   : can.obj (.text:CANStatusGet)
                  0000129e    00000040     rtsv7M4_T_le_v4SPD16_eabi.lib : u_divt2.obj (.text)
                  000012de    0000003a     driverlib.lib : can.obj (.text:CANInit)
                  00001318    00000038                   : sysctl.obj (.text:SysCtlPeripheralPresent)
                  00001350    00000034                   : sysctl.obj (.text:SysCtlPeripheralEnable)
                  00001384    0000002a                   : gpio.obj (.text:GPIODirModeSet)
                  000013ae    0000002a                   : can.obj (.text:_CANDataRegRead)
                  000013d8    00000024                   : can.obj (.text:_CANDataRegWrite)
                  000013fc    00000022                   : can.obj (.text:CANIntClear)
                  0000141e    00000020                   : can.obj (.text:CANIntStatus)
                  0000143e    00000002     rtsv7M4_T_le_v4SPD16_eabi.lib : mpu_init.obj (.text)
                  00001440    00000020     driverlib.lib : uart.obj (.text:UARTDisable)
                  00001460    00000018     rtsv7M4_T_le_v4SPD16_eabi.lib : args_main.obj (.text)
                  00001478    00000014     driverlib.lib : uart.obj (.text:UARTEnable)
                  0000148c    00000014     rtsv7M4_T_le_v4SPD16_eabi.lib : _lock.obj (.text)
                  000014a0    00000012     driverlib.lib : gpio.obj (.text:GPIOPinTypeCAN)
                  000014b2    00000012                   : gpio.obj (.text:GPIOPinTypeUART)
                  000014c4    0000000e     rtsv7M4_T_le_v4SPD16_eabi.lib : copy_decompress_none.obj (.text:decompress:none)
                  000014d2    0000000c     tm4c1237d5pz_startup_ccs.obj (.text)
                  000014de    0000000a     driverlib.lib : can.obj (.text:CANEnable)
                  000014e8    0000000a                   : uart.obj (.text:UARTCharGet)
                  000014f2    0000000a                   : uart.obj (.text:UARTCharPut)
                  000014fc    00000008                   : can.obj (.text:CANIntEnable)
                  00001504    00000006                   : sysctl.obj (.text:SysCtlDelay)
                  0000150a    00000006                   : uart.obj (.text:UARTClockSourceSet)
                  00001510    00000004     rtsv7M4_T_le_v4SPD16_eabi.lib : pre_init.obj (.text)
                  00001514    00000002                                   : startup.obj (.text)

.const     0    00001518    000001bc     
                  00001518    00000090     driverlib.lib : gpio.obj (.const:g_pui32GPIOBaseAddrs)
                  000015a8    00000070                   : interrupt.obj (.const)
                  00001618    0000006c                   : sysctl.obj (.const:g_pui32Xtals)
                  00001684    00000020                   : can.obj (.const)
                  000016a4    00000012     uartstdio.obj (.const:.string)
                  000016b6    00000002     --HOLE-- [fill = 0]
                  000016b8    0000000c     uartstdio.obj (.const:g_ui32UARTBase)
                  000016c4    0000000c     uartstdio.obj (.const:g_ui32UARTPeriph)
                  000016d0    00000004     uartstdio.obj (.const)

.cinit     0    000016d8    00000024     
                  000016d8    00000012     (.cinit..data.load) [load image, compression = lzss]
                  000016ea    00000002     --HOLE-- [fill = 0]
                  000016ec    00000008     (__TI_handler_table)
                  000016f4    00000008     (__TI_cinit_table)

.init_array 
*          0    00000000    00000000     UNINITIALIZED

.stack     0    20000000    00000200     UNINITIALIZED
                  20000000    00000200     --HOLE--

.data      0    20000200    00000028     UNINITIALIZED
                  20000200    0000000c     rtsv7M4_T_le_v4SPD16_eabi.lib : exit.obj (.data:$O1$$)
                  2000020c    00000008                                   : _lock.obj (.data:$O1$$)
                  20000214    00000006     simple_rx.obj (.data)
                  2000021a    00000002     --HOLE--
                  2000021c    00000005     uartstdio.obj (.data)
                  20000221    00000003     --HOLE--
                  20000224    00000004     rtsv7M4_T_le_v4SPD16_eabi.lib : stkdepth_vars.obj (.data)

MODULE SUMMARY

       Module                         code   ro data   rw data
       ------                         ----   -------   -------
    .\
       uartstdio.obj                  1180   46        5      
       tm4c1237d5pz_startup_ccs.obj   12     620       0      
       simple_rx.obj                  528    0         6      
    +--+------------------------------+------+---------+---------+
       Total:                         1720   666       11     
                                                              
    C:/ti/TivaWare_C_Series-2.1.4.178/driverlib/ccs/Debug/driverlib.lib
       can.obj                        972    32        0      
       sysctl.obj                     630    108       0      
       gpio.obj                       456    144       0      
       interrupt.obj                  104    112       0      
       uart.obj                       148    0         0      
    +--+------------------------------+------+---------+---------+
       Total:                         2310   396       0      
                                                              
    C:\ti\ccsv7\tools\compiler\ti-cgt-arm_16.9.6.LTS\lib\rtsv7M4_T_le_v4SPD16_eabi.lib
       memcpy_t2.obj                  156    0         0      
       autoinit.obj                   112    0         0      
       copy_decompress_lzss.obj       104    0         0      
       exit.obj                       84     0         12     
       boot.obj                       84     0         0      
       cpy_tbl.obj                    76     0         0      
       u_divt2.obj                    64     0         0      
       _lock.obj                      20     0         8      
       args_main.obj                  24     0         0      
       copy_decompress_none.obj       14     0         0      
       pre_init.obj                   4      0         0      
       stkdepth_vars.obj              0      0         4      
       i_div0.obj                     2      0         0      
       mpu_init.obj                   2      0         0      
       startup.obj                    2      0         0      
    +--+------------------------------+------+---------+---------+
       Total:                         748    0         24     
                                                              
       Stack:                         0      0         512    
       Linker Generated:              0      34        0      
    +--+------------------------------+------+---------+---------+
       Grand Total:                   4778   1096      547    


LINKER GENERATED COPY TABLES

__TI_cinit_table @ 000016f4 records: 1, size/record: 8, table size: 8
	.data: load addr=000016d8, load size=00000012 bytes, run addr=20000200, run size=00000028 bytes, compression=lzss


LINKER GENERATED HANDLER TABLE

__TI_handler_table @ 000016ec records: 2, size/record: 4, table size: 8
	index: 0, handler: __TI_decompress_lzss
	index: 1, handler: __TI_decompress_none


GLOBAL SYMBOLS: SORTED ALPHABETICALLY BY Name 

address   name                           
-------   ----                           
00001131  C$$EXIT                        
00000fa1  CANBitRateSet                  
000014df  CANEnable                      
000012df  CANInit                        
000013fd  CANIntClear                    
000014fd  CANIntEnable                   
00000745  CANIntHandler                  
0000141f  CANIntStatus                   
00000c91  CANMessageGet                  
00000919  CANMessageSet                  
0000125f  CANStatusGet                   
00001385  GPIODirModeSet                 
00000a4f  GPIOPadConfigSet               
000011d1  GPIOPinConfigure               
000014a1  GPIOPinTypeCAN                 
000014b3  GPIOPinTypeUART                
00000709  InitConsole                    
0000100d  IntEnable                      
000014d3  ResetISR                       
UNDEFED   SHT$$INIT_ARRAY$$Base          
UNDEFED   SHT$$INIT_ARRAY$$Limit         
00000b81  SysCtlClockGet                 
00000da1  SysCtlClockSet                 
00001505  SysCtlDelay                    
00001351  SysCtlPeripheralEnable         
00001319  SysCtlPeripheralPresent        
000014e9  UARTCharGet                    
000014f3  UARTCharPut                    
0000150b  UARTClockSourceSet             
00001219  UARTConfigSetExpClk            
00001441  UARTDisable                    
00001479  UARTEnable                     
0000026d  UARTStdioConfig                
000003b3  UARTgetc                       
000002f9  UARTgets                       
000006d3  UARTprintf                     
000003d9  UARTvprintf                    
000002b3  UARTwrite                      
20000200  __STACK_END                    
00000200  __STACK_SIZE                   
20000200  __STACK_TOP                    
000016f4  __TI_CINIT_Base                
000016fc  __TI_CINIT_Limit               
000016ec  __TI_Handler_Table_Base        
000016f4  __TI_Handler_Table_Limit       
00000f31  __TI_auto_init                 
20000200  __TI_cleanup_ptr               
00001075  __TI_decompress_lzss           
000014c5  __TI_decompress_none           
20000204  __TI_dtors_ptr                 
20000208  __TI_enable_exit_profile_output
ffffffff  __TI_pprof_out_hndl            
ffffffff  __TI_prof_data_size            
ffffffff  __TI_prof_data_start           
00000000  __TI_static_base__             
00000d9f  __aeabi_idiv0                  
00000e95  __aeabi_memcpy                 
00000e95  __aeabi_memcpy4                
00000e95  __aeabi_memcpy8                
0000129f  __aeabi_uidiv                  
0000129f  __aeabi_uidivmod               
ffffffff  __binit__                      
ffffffff  __c_args__                     
0000143f  __mpu_init                     
20000000  __stack                        
00001461  _args_main                     
000010dd  _c_int00                       
2000020c  _lock                          
0000149b  _nop                           
00001493  _register_lock                 
0000148d  _register_unlock               
00001515  _system_post_cinit             
00001511  _system_pre_init               
20000210  _unlock                        
00001135  abort                          
ffffffff  binit                          
00001185  copy_in                        
0000113d  exit                           
20000219  g_bErrFlag                     
20000218  g_bRXFlag                      
00000000  g_pfnVectors                   
20000214  g_ui32MsgCount                 
00000791  main                           
20000224  main_func_sp                   
00000e95  memcpy                         


GLOBAL SYMBOLS: SORTED BY Symbol Address 

address   name                           
-------   ----                           
00000000  __TI_static_base__             
00000000  g_pfnVectors                   
00000200  __STACK_SIZE                   
0000026d  UARTStdioConfig                
000002b3  UARTwrite                      
000002f9  UARTgets                       
000003b3  UARTgetc                       
000003d9  UARTvprintf                    
000006d3  UARTprintf                     
00000709  InitConsole                    
00000745  CANIntHandler                  
00000791  main                           
00000919  CANMessageSet                  
00000a4f  GPIOPadConfigSet               
00000b81  SysCtlClockGet                 
00000c91  CANMessageGet                  
00000d9f  __aeabi_idiv0                  
00000da1  SysCtlClockSet                 
00000e95  __aeabi_memcpy                 
00000e95  __aeabi_memcpy4                
00000e95  __aeabi_memcpy8                
00000e95  memcpy                         
00000f31  __TI_auto_init                 
00000fa1  CANBitRateSet                  
0000100d  IntEnable                      
00001075  __TI_decompress_lzss           
000010dd  _c_int00                       
00001131  C$$EXIT                        
00001135  abort                          
0000113d  exit                           
00001185  copy_in                        
000011d1  GPIOPinConfigure               
00001219  UARTConfigSetExpClk            
0000125f  CANStatusGet                   
0000129f  __aeabi_uidiv                  
0000129f  __aeabi_uidivmod               
000012df  CANInit                        
00001319  SysCtlPeripheralPresent        
00001351  SysCtlPeripheralEnable         
00001385  GPIODirModeSet                 
000013fd  CANIntClear                    
0000141f  CANIntStatus                   
0000143f  __mpu_init                     
00001441  UARTDisable                    
00001461  _args_main                     
00001479  UARTEnable                     
0000148d  _register_unlock               
00001493  _register_lock                 
0000149b  _nop                           
000014a1  GPIOPinTypeCAN                 
000014b3  GPIOPinTypeUART                
000014c5  __TI_decompress_none           
000014d3  ResetISR                       
000014df  CANEnable                      
000014e9  UARTCharGet                    
000014f3  UARTCharPut                    
000014fd  CANIntEnable                   
00001505  SysCtlDelay                    
0000150b  UARTClockSourceSet             
00001511  _system_pre_init               
00001515  _system_post_cinit             
000016ec  __TI_Handler_Table_Base        
000016f4  __TI_CINIT_Base                
000016f4  __TI_Handler_Table_Limit       
000016fc  __TI_CINIT_Limit               
20000000  __stack                        
20000200  __STACK_END                    
20000200  __STACK_TOP                    
20000200  __TI_cleanup_ptr               
20000204  __TI_dtors_ptr                 
20000208  __TI_enable_exit_profile_output
2000020c  _lock                          
20000210  _unlock                        
20000214  g_ui32MsgCount                 
20000218  g_bRXFlag                      
20000219  g_bErrFlag                     
20000224  main_func_sp                   
ffffffff  __TI_pprof_out_hndl            
ffffffff  __TI_prof_data_size            
ffffffff  __TI_prof_data_start           
ffffffff  __binit__                      
ffffffff  __c_args__                     
ffffffff  binit                          
UNDEFED   SHT$$INIT_ARRAY$$Base          
UNDEFED   SHT$$INIT_ARRAY$$Limit         

[85 symbols]
