******************************************************************************
                  TI ARM Linker PC v18.1.5                     
******************************************************************************
>> Linked Sat Apr 20 08:16:32 2019

OUTPUT FILE NAME:   <CAN_simple_TX.out>
ENTRY POINT SYMBOL: "_c_int00_noargs"  address: 000010ed


MEMORY CONFIGURATION

         name            origin    length      used     unused   attr    fill
----------------------  --------  ---------  --------  --------  ----  --------
  FLASH                 00000000   00010000  00001468  0000eb98  R  X
  SRAM                  20000000   00006000  0000020d  00005df3  RW X


SEGMENT ALLOCATION MAP

run origin  load origin   length   init length attrs members
----------  ----------- ---------- ----------- ----- -------
00000000    00000000    00001468   00001468    r-x
  00000000    00000000    0000026c   0000026c    r-- .intvecs
  0000026c    0000026c    00001028   00001028    r-x .text
  00001294    00001294    000001bc   000001bc    r-- .const
  00001450    00001450    00000018   00000018    r-- .cinit
20000000    20000000    0000020d   00000000    rw-
  20000000    20000000    00000200   00000000    rw- .stack
  20000200    20000200    0000000d   00000000    rw- .data


SECTION ALLOCATION MAP

 output                                  attributes/
section   page    origin      length       input sections
--------  ----  ----------  ----------   ----------------
.intvecs   0    00000000    0000026c     
                  00000000    0000026c     tm4c1237d5pz_startup_ccs.obj (.intvecs)

.text      0    0000026c    00001028     
                  0000026c    0000049c     uartstdio.obj (.text)
                  00000708    000001d8     simple_tx.obj (.text)
                  000008e0    00000136     driverlib.lib : can.obj (.text:CANMessageSet)
                  00000a16    00000132                   : gpio.obj (.text:GPIOPadConfigSet)
                  00000b48    00000110                   : sysctl.obj (.text:SysCtlClockGet)
                  00000c58    000000f4                   : sysctl.obj (.text:SysCtlClockSet)
                  00000d4c    0000009c     rtsv7M4_T_le_v4SPD16_eabi.lib : memcpy_t2.asm.obj (.text)
                  00000de8    0000006c     driverlib.lib : can.obj (.text:CANBitRateSet)
                  00000e54    00000068                   : interrupt.obj (.text:IntEnable)
                  00000ebc    00000068     rtsv7M4_T_le_v4SPD16_eabi.lib : copy_decompress_lzss.c.obj (.text:decompress:lzss:__TI_decompress_lzss)
                  00000f24    00000048     driverlib.lib : gpio.obj (.text:GPIOPinConfigure)
                  00000f6c    00000046                   : uart.obj (.text:UARTConfigSetExpClk)
                  00000fb2    00000002     rtsv7M4_T_le_v4SPD16_eabi.lib : div0.asm.obj (.text)
                  00000fb4    00000044                                   : autoinit.c.obj (.text:__TI_auto_init_nobinit_nopinit:__TI_auto_init_nobinit_nopinit)
                  00000ff8    00000040     driverlib.lib : can.obj (.text:CANStatusGet)
                  00001038    00000040     rtsv7M4_T_le_v4SPD16_eabi.lib : u_divt2.asm.obj (.text)
                  00001078    0000003a     driverlib.lib : can.obj (.text:CANInit)
                  000010b2    00000002     --HOLE-- [fill = 0]
                  000010b4    00000038                   : sysctl.obj (.text:SysCtlPeripheralPresent)
                  000010ec    00000038     rtsv7M4_T_le_v4SPD16_eabi.lib : boot_cortex_m.c.obj (.text:_c_int00_noargs:_c_int00_noargs)
                  00001124    00000034     driverlib.lib : sysctl.obj (.text:SysCtlPeripheralEnable)
                  00001158    0000002a                   : gpio.obj (.text:GPIODirModeSet)
                  00001182    00000024                   : can.obj (.text:_CANDataRegWrite)
                  000011a6    00000022                   : can.obj (.text:CANIntClear)
                  000011c8    00000020                   : can.obj (.text:CANIntStatus)
                  000011e8    00000020                   : uart.obj (.text:UARTDisable)
                  00001208    00000014                   : uart.obj (.text:UARTEnable)
                  0000121c    00000012                   : gpio.obj (.text:GPIOPinTypeCAN)
                  0000122e    00000012                   : gpio.obj (.text:GPIOPinTypeUART)
                  00001240    0000000e     rtsv7M4_T_le_v4SPD16_eabi.lib : copy_decompress_none.c.obj (.text:decompress:none:__TI_decompress_none)
                  0000124e    0000000c     tm4c1237d5pz_startup_ccs.obj (.text)
                  0000125a    0000000a     driverlib.lib : can.obj (.text:CANEnable)
                  00001264    0000000a                   : uart.obj (.text:UARTCharGet)
                  0000126e    0000000a                   : uart.obj (.text:UARTCharPut)
                  00001278    00000008                   : can.obj (.text:CANIntEnable)
                  00001280    00000006                   : sysctl.obj (.text:SysCtlDelay)
                  00001286    00000006                   : uart.obj (.text:UARTClockSourceSet)
                  0000128c    00000004     rtsv7M4_T_le_v4SPD16_eabi.lib : pre_init.c.obj (.text:_system_pre_init)
                  00001290    00000004                                   : exit.c.obj (.text:abort:abort)

.const     0    00001294    000001bc     
                  00001294    00000090     driverlib.lib : gpio.obj (.const:g_pui32GPIOBaseAddrs)
                  00001324    00000070                   : interrupt.obj (.const)
                  00001394    0000006c                   : sysctl.obj (.const:g_pui32Xtals)
                  00001400    00000020                   : can.obj (.const)
                  00001420    00000012     uartstdio.obj (.const:.string)
                  00001432    00000002     --HOLE-- [fill = 0]
                  00001434    0000000c     uartstdio.obj (.const:g_ui32UARTBase)
                  00001440    0000000c     uartstdio.obj (.const:g_ui32UARTPeriph)
                  0000144c    00000004     uartstdio.obj (.const)

.cinit     0    00001450    00000018     
                  00001450    00000008     (__TI_handler_table)
                  00001458    00000007     (.cinit..data.load) [load image, compression = lzss]
                  0000145f    00000001     --HOLE-- [fill = 0]
                  00001460    00000008     (__TI_cinit_table)

.init_array 
*          0    00000000    00000000     UNINITIALIZED

.data      0    20000200    0000000d     UNINITIALIZED
                  20000200    00000005     simple_tx.obj (.data)
                  20000205    00000003     --HOLE--
                  20000208    00000005     uartstdio.obj (.data)

.stack     0    20000000    00000200     UNINITIALIZED
                  20000000    00000004     rtsv7M4_T_le_v4SPD16_eabi.lib : boot_cortex_m.c.obj (.stack)
                  20000004    000001fc     --HOLE--

MODULE SUMMARY

       Module                         code   ro data   rw data
       ------                         ----   -------   -------
    .\
       uartstdio.obj                  1180   46        5      
       tm4c1237d5pz_startup_ccs.obj   12     620       0      
       simple_tx.obj                  472    0         5      
    +--+------------------------------+------+---------+---------+
       Total:                         1664   666       10     
                                                              
    C:/ti/TivaWare_C_Series-2.1.4.178/driverlib/ccs/Debug/driverlib.lib
       sysctl.obj                     630    108       0      
       can.obj                        660    32        0      
       gpio.obj                       456    144       0      
       interrupt.obj                  104    112       0      
       uart.obj                       148    0         0      
    +--+------------------------------+------+---------+---------+
       Total:                         1998   396       0      
                                                              
    C:\ti\ccsv8\tools\compiler\ti-cgt-arm_18.1.5.LTS\lib\rtsv7M4_T_le_v4SPD16_eabi.lib
       memcpy_t2.asm.obj              156    0         0      
       copy_decompress_lzss.c.obj     104    0         0      
       autoinit.c.obj                 68     0         0      
       u_divt2.asm.obj                64     0         0      
       boot_cortex_m.c.obj            56     0         0      
       copy_decompress_none.c.obj     14     0         0      
       exit.c.obj                     4      0         0      
       pre_init.c.obj                 4      0         0      
       div0.asm.obj                   2      0         0      
    +--+------------------------------+------+---------+---------+
       Total:                         472    0         0      
                                                              
       Stack:                         0      0         512    
       Linker Generated:              0      23        0      
    +--+------------------------------+------+---------+---------+
       Grand Total:                   4134   1085      522    


LINKER GENERATED COPY TABLES

__TI_cinit_table @ 00001460 records: 1, size/record: 8, table size: 8
	.data: load addr=00001458, load size=00000007 bytes, run addr=20000200, run size=0000000d bytes, compression=lzss


LINKER GENERATED HANDLER TABLE

__TI_handler_table @ 00001450 records: 2, size/record: 4, table size: 8
	index: 0, handler: __TI_decompress_lzss
	index: 1, handler: __TI_decompress_none


GLOBAL SYMBOLS: SORTED ALPHABETICALLY BY Name 

address   name                          
-------   ----                          
00001291  C$$EXIT                       
00000de9  CANBitRateSet                 
0000125b  CANEnable                     
00001079  CANInit                       
000011a7  CANIntClear                   
00001279  CANIntEnable                  
0000074f  CANIntHandler                 
000011c9  CANIntStatus                  
000008e1  CANMessageSet                 
00000ff9  CANStatusGet                  
00001159  GPIODirModeSet                
00000a17  GPIOPadConfigSet              
00000f25  GPIOPinConfigure              
0000121d  GPIOPinTypeCAN                
0000122f  GPIOPinTypeUART               
00000709  InitConsole                   
00000e55  IntEnable                     
0000124f  ResetISR                      
00000745  SimpleDelay                   
00000b49  SysCtlClockGet                
00000c59  SysCtlClockSet                
00001281  SysCtlDelay                   
00001125  SysCtlPeripheralEnable        
000010b5  SysCtlPeripheralPresent       
00001265  UARTCharGet                   
0000126f  UARTCharPut                   
00001287  UARTClockSourceSet            
00000f6d  UARTConfigSetExpClk           
000011e9  UARTDisable                   
00001209  UARTEnable                    
0000026d  UARTStdioConfig               
000003b3  UARTgetc                      
000002f9  UARTgets                      
000006d3  UARTprintf                    
000003d9  UARTvprintf                   
000002b3  UARTwrite                     
20000200  __STACK_END                   
00000200  __STACK_SIZE                  
20000200  __STACK_TOP                   
00001460  __TI_CINIT_Base               
00001468  __TI_CINIT_Limit              
00001450  __TI_Handler_Table_Base       
00001458  __TI_Handler_Table_Limit      
00000fb5  __TI_auto_init_nobinit_nopinit
00000ebd  __TI_decompress_lzss          
00001241  __TI_decompress_none          
ffffffff  __TI_pprof_out_hndl           
ffffffff  __TI_prof_data_size           
ffffffff  __TI_prof_data_start          
00000000  __TI_static_base__            
00000fb3  __aeabi_idiv0                 
00000fb3  __aeabi_ldiv0                 
00000d4d  __aeabi_memcpy                
00000d4d  __aeabi_memcpy4               
00000d4d  __aeabi_memcpy8               
00001039  __aeabi_uidiv                 
00001039  __aeabi_uidivmod              
ffffffff  __binit__                     
ffffffff  __c_args__                    
UNDEFED   __mpu_init                    
20000000  __stack                       
000010ed  _c_int00_noargs               
UNDEFED   _system_post_cinit            
0000128d  _system_pre_init              
00001291  abort                         
ffffffff  binit                         
20000204  g_bErrFlag                    
00000000  g_pfnVectors                  
20000200  g_ui32MsgCount                
00000795  main                          
00000d4d  memcpy                        


GLOBAL SYMBOLS: SORTED BY Symbol Address 

address   name                          
-------   ----                          
00000000  __TI_static_base__            
00000000  g_pfnVectors                  
00000200  __STACK_SIZE                  
0000026d  UARTStdioConfig               
000002b3  UARTwrite                     
000002f9  UARTgets                      
000003b3  UARTgetc                      
000003d9  UARTvprintf                   
000006d3  UARTprintf                    
00000709  InitConsole                   
00000745  SimpleDelay                   
0000074f  CANIntHandler                 
00000795  main                          
000008e1  CANMessageSet                 
00000a17  GPIOPadConfigSet              
00000b49  SysCtlClockGet                
00000c59  SysCtlClockSet                
00000d4d  __aeabi_memcpy                
00000d4d  __aeabi_memcpy4               
00000d4d  __aeabi_memcpy8               
00000d4d  memcpy                        
00000de9  CANBitRateSet                 
00000e55  IntEnable                     
00000ebd  __TI_decompress_lzss          
00000f25  GPIOPinConfigure              
00000f6d  UARTConfigSetExpClk           
00000fb3  __aeabi_idiv0                 
00000fb3  __aeabi_ldiv0                 
00000fb5  __TI_auto_init_nobinit_nopinit
00000ff9  CANStatusGet                  
00001039  __aeabi_uidiv                 
00001039  __aeabi_uidivmod              
00001079  CANInit                       
000010b5  SysCtlPeripheralPresent       
000010ed  _c_int00_noargs               
00001125  SysCtlPeripheralEnable        
00001159  GPIODirModeSet                
000011a7  CANIntClear                   
000011c9  CANIntStatus                  
000011e9  UARTDisable                   
00001209  UARTEnable                    
0000121d  GPIOPinTypeCAN                
0000122f  GPIOPinTypeUART               
00001241  __TI_decompress_none          
0000124f  ResetISR                      
0000125b  CANEnable                     
00001265  UARTCharGet                   
0000126f  UARTCharPut                   
00001279  CANIntEnable                  
00001281  SysCtlDelay                   
00001287  UARTClockSourceSet            
0000128d  _system_pre_init              
00001291  C$$EXIT                       
00001291  abort                         
00001450  __TI_Handler_Table_Base       
00001458  __TI_Handler_Table_Limit      
00001460  __TI_CINIT_Base               
00001468  __TI_CINIT_Limit              
20000000  __stack                       
20000200  __STACK_END                   
20000200  __STACK_TOP                   
20000200  g_ui32MsgCount                
20000204  g_bErrFlag                    
ffffffff  __TI_pprof_out_hndl           
ffffffff  __TI_prof_data_size           
ffffffff  __TI_prof_data_start          
ffffffff  __binit__                     
ffffffff  __c_args__                    
ffffffff  binit                         
UNDEFED   __mpu_init                    
UNDEFED   _system_post_cinit            

[71 symbols]
